Component: ARM Compiler 5.05 update 1 (build 106) Tool: armlink [4d0efa]

==============================================================================

Section Cross References

    startup_stm32l051xx.o(RESET) refers to startup_stm32l051xx.o(STACK) for __initial_sp
    startup_stm32l051xx.o(RESET) refers to startup_stm32l051xx.o(.text) for Reset_Handler
    startup_stm32l051xx.o(RESET) refers to stm32l0xx_it.o(.text) for NMI_Handler
    startup_stm32l051xx.o(RESET) refers to globalvar.o(.text) for SysTick_Handler
    startup_stm32l051xx.o(RESET) refers to usart.o(.text) for USART1_IRQHandler
    startup_stm32l051xx.o(.text) refers to system_stm32l0xx.o(.text) for SystemInit
    startup_stm32l051xx.o(.text) refers to entry.o(.ARM.Collect$$$$00000000) for __main
    main.o(.text) refers to stm32l0xx_hal_rcc.o(.text) for HAL_RCC_OscConfig
    main.o(.text) refers to uidiv.o(.text) for __aeabi_uidivmod
    main.o(.text) refers to stm32l0xx_hal_cortex.o(.text) for HAL_SYSTICK_Config
    main.o(.text) refers to stm32l0xx_hal.o(.text) for HAL_Init
    main.o(.text) refers to led.o(.text) for init_led
    main.o(.text) refers to spi.o(.text) for SPIx_Init
    main.o(.text) refers to lowpower.o(.text) for init_PowerControl_Configuration
    main.o(.text) refers to usart.o(.text) for USARTConfig
    main.o(.text) refers to sx1276.o(.text) for Lora_Init
    main.o(.text) refers to finger.o(.text) for init_finger
    main.o(.text) refers to globalvar.o(.text) for timeout
    main.o(.text) refers to memseta.o(.text) for __aeabi_memclr
    main.o(.text) refers to memcpya.o(.text) for __aeabi_memcpy
    main.o(.text) refers to idiv.o(.text) for __aeabi_idivmod
    main.o(.text) refers to stm32l0xx_hal_uart.o(.text) for HAL_UART_Receive_IT
    main.o(.text) refers to main.o(.data) for runningTick
    main.o(.text) refers to usart.o(.data) for usart1_rx_flag
    main.o(.text) refers to finger.o(.bss) for finger
    main.o(.text) refers to main.o(.bss) for up_download_finger
    main.o(.text) refers to main.o(.constdata) for .constdata
    main.o(.text) refers to sx1276.o(.bss) for lora_data
    main.o(.text) refers to usart.o(.bss) for UartHandle2
    main.o(.text) refers to finger.o(.data) for finger_fsm
    main.o(.text) refers to main.o(i.__ARM_common_switch8) for __ARM_common_switch8
    main.o(.text) refers to schd.o(.text) for Schd_After_Int
    main.o(.text) refers to delay.o(.text) for Delay_nms
    system_stm32l0xx.o(.text) refers to uidiv.o(.text) for __aeabi_uidivmod
    system_stm32l0xx.o(.text) refers to system_stm32l0xx.o(.data) for SystemCoreClock
    system_stm32l0xx.o(.text) refers to system_stm32l0xx.o(.constdata) for PLLMulTable
    stm32l0xx_it.o(.text) refers to stm32l0xx_hal_gpio.o(.text) for HAL_GPIO_EXTI_IRQHandler
    stm32l0xx_hal.o(.text) refers to uidiv.o(.text) for __aeabi_uidivmod
    stm32l0xx_hal.o(.text) refers to stm32l0xx_hal_cortex.o(.text) for HAL_SYSTICK_Config
    stm32l0xx_hal.o(.text) refers to system_stm32l0xx.o(.data) for SystemCoreClock
    stm32l0xx_hal.o(.text) refers to stm32l0xx_hal.o(.data) for uwTick
    stm32l0xx_hal_gpio.o(.text) refers to main.o(.text) for HAL_GPIO_EXTI_Callback
    stm32l0xx_hal_iwdg.o(.text) refers to stm32l0xx_hal.o(.text) for HAL_GetTick
    stm32l0xx_hal_rcc.o(.text) refers to stm32l0xx_hal.o(.text) for HAL_GetTick
    stm32l0xx_hal_rcc.o(.text) refers to system_stm32l0xx.o(.data) for SystemCoreClock
    stm32l0xx_hal_rcc.o(.text) refers to system_stm32l0xx.o(.constdata) for AHBPrescTable
    stm32l0xx_hal_rcc.o(.text) refers to uidiv.o(.text) for __aeabi_uidivmod
    stm32l0xx_hal_rcc.o(.text) refers to memseta.o(.text) for __aeabi_memclr4
    stm32l0xx_hal_rcc.o(.text) refers to stm32l0xx_hal_gpio.o(.text) for HAL_GPIO_Init
    stm32l0xx_hal_spi.o(.text) refers to stm32l0xx_hal.o(.text) for HAL_GetTick
    stm32l0xx_hal_spi.o(.text) refers to stm32l0xx_hal_dma.o(.text) for HAL_DMA_Start_IT
    stm32l0xx_hal_uart.o(.text) refers to stm32l0xx_hal.o(.text) for HAL_GetTick
    stm32l0xx_hal_uart.o(.text) refers to stm32l0xx_hal_rcc.o(.text) for HAL_RCC_GetPCLK1Freq
    stm32l0xx_hal_uart.o(.text) refers to stm32l0xx_hal_uart.o(i.__ARM_common_ll_muluu) for __ARM_common_ll_muluu
    stm32l0xx_hal_uart.o(.text) refers to uldiv.o(.text) for __aeabi_uldivmod
    stm32l0xx_hal_uart.o(.text) refers to uidiv.o(.text) for __aeabi_uidivmod
    stm32l0xx_hal_uart.o(.text) refers to usart.o(.text) for HAL_UART_ErrorCallback
    stm32l0xx_hal_uart.o(.text) refers to stm32l0xx_hal_dma.o(.text) for HAL_DMA_Start_IT
    stm32l0xx_hal_uart.o(.text) refers to main.o(.text) for HAL_UART_RxCpltCallback
    stm32l0xx_hal_uart.o(.text) refers to stm32l0xx_hal_uart_ex.o(.text) for HAL_UARTEx_WakeupCallback
    stm32l0xx_hal_uart_ex.o(.text) refers to stm32l0xx_hal_uart.o(.text) for HAL_UART_MspInit
    stm32l0xx_hal_uart_ex.o(.text) refers to stm32l0xx_hal.o(.text) for HAL_GetTick
    stm32l0xx_hal_dma.o(.text) refers to stm32l0xx_hal.o(.text) for HAL_GetTick
    schd.o(.text) refers to memcpya.o(.text) for __aeabi_memcpy4
    schd.o(.text) refers to schd.o(.bss) for _schd_items
    schd.o(.text) refers to schd.o(.data) for _schd_last_microsecond
    globalvar.o(.text) refers to stm32l0xx_hal.o(.text) for HAL_IncTick
    globalvar.o(.text) refers to schd.o(.text) for Schd_Run
    globalvar.o(.text) refers to globalvar.o(.data) for _localTimeTick_ms
    led.o(.text) refers to stm32l0xx_hal_gpio.o(.text) for HAL_GPIO_WritePin
    led.o(.text) refers to memseta.o(.text) for __aeabi_memclr4
    led.o(.text) refers to memcpya.o(.text) for __aeabi_memcpy4
    led.o(.text) refers to delay.o(.text) for Delay_1ms
    led.o(.text) refers to led.o(.bss) for _leds_defines
    led.o(.text) refers to led.o(.constdata) for .constdata
    spi.o(.text) refers to memseta.o(.text) for __aeabi_memclr4
    spi.o(.text) refers to stm32l0xx_hal_gpio.o(.text) for HAL_GPIO_Init
    spi.o(.text) refers to stm32l0xx_hal_spi.o(.text) for HAL_SPI_GetState
    spi.o(.text) refers to spi.o(.bss) for hnucleo_Spi
    spi.o(.text) refers to spi.o(.data) for SpixTimeout
    sx1276.o(.text) refers to stm32l0xx_hal_gpio.o(.text) for HAL_GPIO_Init
    sx1276.o(.text) refers to stm32l0xx_hal_cortex.o(.text) for HAL_NVIC_SetPriority
    sx1276.o(.text) refers to spi.o(.text) for SPIx_WriteReadData
    sx1276.o(.text) refers to sx1276.o(.bss) for lpTypefunc
    sx1276.o(.text) refers to sx1276.o(.constdata) for Freq_Table
    sx1276.o(.text) refers to globalvar.o(.text) for local_ticktime
    sx1276.o(.text) refers to idiv.o(.text) for __aeabi_idivmod
    sx1276.o(.text) refers to led.o(.text) for LED_TOGGLE
    sx1276.o(.constdata) refers to sx1276.o(.text) for lora_RWByte
    usart.o(.text) refers to stm32l0xx_hal_uart.o(.text) for HAL_UART_Transmit
    usart.o(.text) refers to stm32l0xx_hal_gpio.o(.text) for HAL_GPIO_Init
    usart.o(.text) refers to stm32l0xx_hal_cortex.o(.text) for HAL_NVIC_SetPriority
    usart.o(.text) refers to usart.o(.bss) for UartHandle1
    finger.o(.text) refers to globalvar.o(.text) for timeout
    finger.o(.text) refers to stm32l0xx_hal_gpio.o(.text) for HAL_GPIO_Init
    finger.o(.text) refers to stm32l0xx_hal_cortex.o(.text) for HAL_NVIC_SetPriority
    finger.o(.text) refers to usart.o(.text) for UART_SendMsg
    finger.o(.text) refers to memseta.o(.text) for __aeabi_memclr4
    finger.o(.text) refers to finger.o(.data) for finger_com
    finger.o(.text) refers to finger.o(.constdata) for .constdata
    finger.o(.text) refers to finger.o(.bss) for finger
    finger.o(.text) refers to main.o(i.__ARM_common_switch8) for __ARM_common_switch8
    finger.o(.text) refers to main.o(.text) for finger_callback
    finger.o(.text) refers to led.o(.text) for LED_ON
    finger.o(.text) refers to main.o(.bss) for up_download_finger
    lowpower.o(.text) refers to stm32l0xx_hal_gpio.o(.text) for HAL_GPIO_Init
    lowpower.o(.text) refers to lowpower.o(.data) for power
    entry.o(.ARM.Collect$$$$00000000) refers (Special) to entry10a.o(.ARM.Collect$$$$0000000D) for __rt_final_cpp
    entry.o(.ARM.Collect$$$$00000000) refers (Special) to entry11a.o(.ARM.Collect$$$$0000000F) for __rt_final_exit
    entry.o(.ARM.Collect$$$$00000000) refers (Special) to entry7b.o(.ARM.Collect$$$$00000008) for _main_clock
    entry.o(.ARM.Collect$$$$00000000) refers (Special) to entry8b.o(.ARM.Collect$$$$0000000A) for _main_cpp_init
    entry.o(.ARM.Collect$$$$00000000) refers (Special) to entry9a.o(.ARM.Collect$$$$0000000B) for _main_init
    entry.o(.ARM.Collect$$$$00000000) refers (Special) to entry5.o(.ARM.Collect$$$$00000004) for _main_scatterload
    entry.o(.ARM.Collect$$$$00000000) refers (Special) to entry2.o(.ARM.Collect$$$$00000001) for _main_stk
    idiv.o(.text) refers to uidiv.o(.text) for __aeabi_uidivmod
    uldiv.o(.text) refers to llushr.o(.text) for __aeabi_llsr
    uldiv.o(.text) refers to llshl.o(.text) for __aeabi_llsl
    entry2.o(.ARM.Collect$$$$00000001) refers to entry2.o(.ARM.Collect$$$$00002712) for __lit__00000000
    entry2.o(.ARM.Collect$$$$00002712) refers to startup_stm32l051xx.o(STACK) for __initial_sp
    entry2.o(__vectab_stack_and_reset_area) refers to startup_stm32l051xx.o(STACK) for __initial_sp
    entry2.o(__vectab_stack_and_reset_area) refers to entry.o(.ARM.Collect$$$$00000000) for __main
    entry5.o(.ARM.Collect$$$$00000004) refers to init.o(.text) for __scatterload
    entry9a.o(.ARM.Collect$$$$0000000B) refers to main.o(.text) for main
    entry9b.o(.ARM.Collect$$$$0000000C) refers to main.o(.text) for main
    init.o(.text) refers to entry5.o(.ARM.Collect$$$$00000004) for __main_after_scatterload


==============================================================================

Removing Unused input sections from the image.

    Removing startup_stm32l051xx.o(HEAP), (1536 bytes).
    Removing main.o(.rev16_text), (4 bytes).
    Removing main.o(.revsh_text), (4 bytes).
    Removing system_stm32l0xx.o(.rev16_text), (4 bytes).
    Removing system_stm32l0xx.o(.revsh_text), (4 bytes).
    Removing stm32l0xx_it.o(.rev16_text), (4 bytes).
    Removing stm32l0xx_it.o(.revsh_text), (4 bytes).
    Removing stm32l0xx_hal.o(.rev16_text), (4 bytes).
    Removing stm32l0xx_hal.o(.revsh_text), (4 bytes).
    Removing stm32l0xx_hal_cortex.o(.rev16_text), (4 bytes).
    Removing stm32l0xx_hal_cortex.o(.revsh_text), (4 bytes).
    Removing stm32l0xx_hal_gpio.o(.rev16_text), (4 bytes).
    Removing stm32l0xx_hal_gpio.o(.revsh_text), (4 bytes).
    Removing stm32l0xx_hal_iwdg.o(.rev16_text), (4 bytes).
    Removing stm32l0xx_hal_iwdg.o(.revsh_text), (4 bytes).
    Removing stm32l0xx_hal_iwdg.o(.text), (120 bytes).
    Removing stm32l0xx_hal_pwr.o(.rev16_text), (4 bytes).
    Removing stm32l0xx_hal_pwr.o(.revsh_text), (4 bytes).
    Removing stm32l0xx_hal_pwr.o(.text), (532 bytes).
    Removing stm32l0xx_hal_rcc.o(.rev16_text), (4 bytes).
    Removing stm32l0xx_hal_rcc.o(.revsh_text), (4 bytes).
    Removing stm32l0xx_hal_spi.o(.rev16_text), (4 bytes).
    Removing stm32l0xx_hal_spi.o(.revsh_text), (4 bytes).
    Removing stm32l0xx_hal_uart.o(.rev16_text), (4 bytes).
    Removing stm32l0xx_hal_uart.o(.revsh_text), (4 bytes).
    Removing stm32l0xx_hal_uart_ex.o(.rev16_text), (4 bytes).
    Removing stm32l0xx_hal_uart_ex.o(.revsh_text), (4 bytes).
    Removing stm32l0xx_hal_dma.o(.rev16_text), (4 bytes).
    Removing stm32l0xx_hal_dma.o(.revsh_text), (4 bytes).
    Removing globalvar.o(.rev16_text), (4 bytes).
    Removing globalvar.o(.revsh_text), (4 bytes).
    Removing delay.o(.rev16_text), (4 bytes).
    Removing delay.o(.revsh_text), (4 bytes).
    Removing led.o(.rev16_text), (4 bytes).
    Removing led.o(.revsh_text), (4 bytes).
    Removing spi.o(.rev16_text), (4 bytes).
    Removing spi.o(.revsh_text), (4 bytes).
    Removing sx1276.o(.rev16_text), (4 bytes).
    Removing sx1276.o(.revsh_text), (4 bytes).
    Removing usart.o(.rev16_text), (4 bytes).
    Removing usart.o(.revsh_text), (4 bytes).
    Removing finger.o(.rev16_text), (4 bytes).
    Removing finger.o(.revsh_text), (4 bytes).
    Removing lowpower.o(.rev16_text), (4 bytes).
    Removing lowpower.o(.revsh_text), (4 bytes).

45 unused section(s) (total 2356 bytes) removed from the image.

==============================================================================

Image Symbol Table

    Local Symbols

    Symbol Name                              Value     Ov Type        Size  Object(Section)

    ../clib/microlib/division.c              0x00000000   Number         0  uidiv.o ABSOLUTE
    ../clib/microlib/division.c              0x00000000   Number         0  idiv.o ABSOLUTE
    ../clib/microlib/division.c              0x00000000   Number         0  uldiv.o ABSOLUTE
    ../clib/microlib/init/entry.s            0x00000000   Number         0  entry8b.o ABSOLUTE
    ../clib/microlib/init/entry.s            0x00000000   Number         0  entry8a.o ABSOLUTE
    ../clib/microlib/init/entry.s            0x00000000   Number         0  entry2.o ABSOLUTE
    ../clib/microlib/init/entry.s            0x00000000   Number         0  entry5.o ABSOLUTE
    ../clib/microlib/init/entry.s            0x00000000   Number         0  entry7a.o ABSOLUTE
    ../clib/microlib/init/entry.s            0x00000000   Number         0  entry7b.o ABSOLUTE
    ../clib/microlib/init/entry.s            0x00000000   Number         0  entry9a.o ABSOLUTE
    ../clib/microlib/init/entry.s            0x00000000   Number         0  entry9b.o ABSOLUTE
    ../clib/microlib/init/entry.s            0x00000000   Number         0  entry10a.o ABSOLUTE
    ../clib/microlib/init/entry.s            0x00000000   Number         0  entry10b.o ABSOLUTE
    ../clib/microlib/init/entry.s            0x00000000   Number         0  entry11a.o ABSOLUTE
    ../clib/microlib/init/entry.s            0x00000000   Number         0  entry11b.o ABSOLUTE
    ../clib/microlib/init/entry.s            0x00000000   Number         0  entry.o ABSOLUTE
    ../clib/microlib/longlong.c              0x00000000   Number         0  llushr.o ABSOLUTE
    ../clib/microlib/longlong.c              0x00000000   Number         0  llshl.o ABSOLUTE
    ../clib/microlib/string/memcpy.c         0x00000000   Number         0  memcpya.o ABSOLUTE
    ../clib/microlib/string/memcpy.c         0x00000000   Number         0  memcpyb.o ABSOLUTE
    ../clib/microlib/string/memset.c         0x00000000   Number         0  memseta.o ABSOLUTE
    app\\src\\GlobalVar.c                    0x00000000   Number         0  globalvar.o ABSOLUTE
    app\src\GlobalVar.c                      0x00000000   Number         0  globalvar.o ABSOLUTE
    app\src\schd.c                           0x00000000   Number         0  schd.o ABSOLUTE
    dc.s                                     0x00000000   Number         0  dc.o ABSOLUTE
    drivers\\src\\SPI.c                      0x00000000   Number         0  spi.o ABSOLUTE
    drivers\\src\\SX1276.C                   0x00000000   Number         0  sx1276.o ABSOLUTE
    drivers\\src\\delay.c                    0x00000000   Number         0  delay.o ABSOLUTE
    drivers\\src\\finger.c                   0x00000000   Number         0  finger.o ABSOLUTE
    drivers\\src\\led.c                      0x00000000   Number         0  led.o ABSOLUTE
    drivers\\src\\lowpower.c                 0x00000000   Number         0  lowpower.o ABSOLUTE
    drivers\\src\\usart.c                    0x00000000   Number         0  usart.o ABSOLUTE
    drivers\src\SPI.c                        0x00000000   Number         0  spi.o ABSOLUTE
    drivers\src\SX1276.C                     0x00000000   Number         0  sx1276.o ABSOLUTE
    drivers\src\delay.c                      0x00000000   Number         0  delay.o ABSOLUTE
    drivers\src\finger.c                     0x00000000   Number         0  finger.o ABSOLUTE
    drivers\src\led.c                        0x00000000   Number         0  led.o ABSOLUTE
    drivers\src\lowpower.c                   0x00000000   Number         0  lowpower.o ABSOLUTE
    drivers\src\usart.c                      0x00000000   Number         0  usart.o ABSOLUTE
    handlers.s                               0x00000000   Number         0  handlers.o ABSOLUTE
    init.s                                   0x00000000   Number         0  init.o ABSOLUTE
    library\CMSIS\startup_stm32l051xx.s      0x00000000   Number         0  startup_stm32l051xx.o ABSOLUTE
    library\CMSIS\system_stm32l0xx.c         0x00000000   Number         0  system_stm32l0xx.o ABSOLUTE
    library\Src\stm32l0xx_hal.c              0x00000000   Number         0  stm32l0xx_hal.o ABSOLUTE
    library\Src\stm32l0xx_hal_cortex.c       0x00000000   Number         0  stm32l0xx_hal_cortex.o ABSOLUTE
    library\Src\stm32l0xx_hal_dma.c          0x00000000   Number         0  stm32l0xx_hal_dma.o ABSOLUTE
    library\Src\stm32l0xx_hal_gpio.c         0x00000000   Number         0  stm32l0xx_hal_gpio.o ABSOLUTE
    library\Src\stm32l0xx_hal_iwdg.c         0x00000000   Number         0  stm32l0xx_hal_iwdg.o ABSOLUTE
    library\Src\stm32l0xx_hal_pwr.c          0x00000000   Number         0  stm32l0xx_hal_pwr.o ABSOLUTE
    library\Src\stm32l0xx_hal_rcc.c          0x00000000   Number         0  stm32l0xx_hal_rcc.o ABSOLUTE
    library\Src\stm32l0xx_hal_spi.c          0x00000000   Number         0  stm32l0xx_hal_spi.o ABSOLUTE
    library\Src\stm32l0xx_hal_uart.c         0x00000000   Number         0  stm32l0xx_hal_uart.o ABSOLUTE
    library\Src\stm32l0xx_hal_uart_ex.c      0x00000000   Number         0  stm32l0xx_hal_uart_ex.o ABSOLUTE
    library\\CMSIS\\system_stm32l0xx.c       0x00000000   Number         0  system_stm32l0xx.o ABSOLUTE
    library\\Src\\stm32l0xx_hal.c            0x00000000   Number         0  stm32l0xx_hal.o ABSOLUTE
    library\\Src\\stm32l0xx_hal_cortex.c     0x00000000   Number         0  stm32l0xx_hal_cortex.o ABSOLUTE
    library\\Src\\stm32l0xx_hal_dma.c        0x00000000   Number         0  stm32l0xx_hal_dma.o ABSOLUTE
    library\\Src\\stm32l0xx_hal_gpio.c       0x00000000   Number         0  stm32l0xx_hal_gpio.o ABSOLUTE
    library\\Src\\stm32l0xx_hal_iwdg.c       0x00000000   Number         0  stm32l0xx_hal_iwdg.o ABSOLUTE
    library\\Src\\stm32l0xx_hal_pwr.c        0x00000000   Number         0  stm32l0xx_hal_pwr.o ABSOLUTE
    library\\Src\\stm32l0xx_hal_rcc.c        0x00000000   Number         0  stm32l0xx_hal_rcc.o ABSOLUTE
    library\\Src\\stm32l0xx_hal_spi.c        0x00000000   Number         0  stm32l0xx_hal_spi.o ABSOLUTE
    library\\Src\\stm32l0xx_hal_uart.c       0x00000000   Number         0  stm32l0xx_hal_uart.o ABSOLUTE
    library\\Src\\stm32l0xx_hal_uart_ex.c    0x00000000   Number         0  stm32l0xx_hal_uart_ex.o ABSOLUTE
    user\\main.c                             0x00000000   Number         0  main.o ABSOLUTE
    user\\stm32l0xx_it.c                     0x00000000   Number         0  stm32l0xx_it.o ABSOLUTE
    user\main.c                              0x00000000   Number         0  main.o ABSOLUTE
    user\stm32l0xx_it.c                      0x00000000   Number         0  stm32l0xx_it.o ABSOLUTE
    RESET                                    0x08000000   Section      192  startup_stm32l051xx.o(RESET)
    .ARM.Collect$$$$00000000                 0x080000c0   Section        0  entry.o(.ARM.Collect$$$$00000000)
    .ARM.Collect$$$$00000001                 0x080000c0   Section        4  entry2.o(.ARM.Collect$$$$00000001)
    .ARM.Collect$$$$00000004                 0x080000c4   Section        4  entry5.o(.ARM.Collect$$$$00000004)
    .ARM.Collect$$$$00000008                 0x080000c8   Section        0  entry7b.o(.ARM.Collect$$$$00000008)
    .ARM.Collect$$$$0000000A                 0x080000c8   Section        0  entry8b.o(.ARM.Collect$$$$0000000A)
    .ARM.Collect$$$$0000000B                 0x080000c8   Section        8  entry9a.o(.ARM.Collect$$$$0000000B)
    .ARM.Collect$$$$0000000D                 0x080000d0   Section        0  entry10a.o(.ARM.Collect$$$$0000000D)
    .ARM.Collect$$$$0000000F                 0x080000d0   Section        0  entry11a.o(.ARM.Collect$$$$0000000F)
    .ARM.Collect$$$$00002712                 0x080000d0   Section        4  entry2.o(.ARM.Collect$$$$00002712)
    __lit__00000000                          0x080000d0   Data           4  entry2.o(.ARM.Collect$$$$00002712)
    .text                                    0x080000d4   Section       28  startup_stm32l051xx.o(.text)
    .text                                    0x080000f0   Section        0  main.o(.text)
    SystemClock_Config                       0x080000f1   Thumb Code   124  main.o(.text)
    initDrivers                              0x0800016d   Thumb Code    44  main.o(.text)
    flash_running_led                        0x08000199   Thumb Code    66  main.o(.text)
    init_params                              0x080001db   Thumb Code    40  main.o(.text)
    .text                                    0x080008b8   Section        0  system_stm32l0xx.o(.text)
    .text                                    0x08000a18   Section        0  stm32l0xx_it.o(.text)
    .text                                    0x08000a3c   Section        0  stm32l0xx_hal.o(.text)
    .text                                    0x08000be4   Section        0  stm32l0xx_hal_cortex.o(.text)
    NVIC_SetPriority                         0x08000be5   Thumb Code   110  stm32l0xx_hal_cortex.o(.text)
    .text                                    0x08000e08   Section        0  stm32l0xx_hal_gpio.o(.text)
    .text                                    0x08001164   Section        0  stm32l0xx_hal_rcc.o(.text)
    RCC_SetFlashLatencyFromMSIRange          0x080011db   Thumb Code   138  stm32l0xx_hal_rcc.o(.text)
    .text                                    0x08001dbc   Section        0  stm32l0xx_hal_spi.o(.text)
    SPI_WaitOnFlagUntilTimeout               0x08001e89   Thumb Code   280  stm32l0xx_hal_spi.o(.text)
    SPI_TxCloseIRQHandler                    0x0800275f   Thumb Code   170  stm32l0xx_hal_spi.o(.text)
    SPI_TxISR                                0x08002809   Thumb Code    80  stm32l0xx_hal_spi.o(.text)
    SPI_RxCloseIRQHandler                    0x0800292b   Thumb Code   264  stm32l0xx_hal_spi.o(.text)
    SPI_2LinesRxISR                          0x08002a33   Thumb Code    60  stm32l0xx_hal_spi.o(.text)
    SPI_RxISR                                0x08002b39   Thumb Code    88  stm32l0xx_hal_spi.o(.text)
    SPI_DMAError                             0x08002c89   Thumb Code    34  stm32l0xx_hal_spi.o(.text)
    SPI_DMATransmitCplt                      0x08002cab   Thumb Code   134  stm32l0xx_hal_spi.o(.text)
    SPI_DMAHalfTransmitCplt                  0x08002d33   Thumb Code    14  stm32l0xx_hal_spi.o(.text)
    SPI_DMAReceiveCplt                       0x08002e43   Thumb Code   226  stm32l0xx_hal_spi.o(.text)
    SPI_DMAHalfReceiveCplt                   0x08002f27   Thumb Code    14  stm32l0xx_hal_spi.o(.text)
    SPI_DMATransmitReceiveCplt               0x08002f35   Thumb Code   226  stm32l0xx_hal_spi.o(.text)
    SPI_DMAHalfTransmitReceiveCplt           0x08003019   Thumb Code    14  stm32l0xx_hal_spi.o(.text)
    .text                                    0x080034ac   Section        0  stm32l0xx_hal_uart.o(.text)
    UART_EndRxTransfer                       0x08003f99   Thumb Code    34  stm32l0xx_hal_uart.o(.text)
    UART_EndTxTransfer                       0x08003fbb   Thumb Code    20  stm32l0xx_hal_uart.o(.text)
    UART_DMAError                            0x08003fcf   Thumb Code    86  stm32l0xx_hal_uart.o(.text)
    UART_DMATxHalfCplt                       0x08004027   Thumb Code    14  stm32l0xx_hal_uart.o(.text)
    UART_DMATransmitCplt                     0x08004037   Thumb Code    58  stm32l0xx_hal_uart.o(.text)
    UART_DMARxHalfCplt                       0x08004121   Thumb Code    14  stm32l0xx_hal_uart.o(.text)
    UART_DMAReceiveCplt                      0x08004131   Thumb Code    94  stm32l0xx_hal_uart.o(.text)
    UART_DMARxAbortCallback                  0x080044d3   Thumb Code    68  stm32l0xx_hal_uart.o(.text)
    UART_DMATxAbortCallback                  0x08004517   Thumb Code    68  stm32l0xx_hal_uart.o(.text)
    UART_DMATxOnlyAbortCallback              0x0800465f   Thumb Code    26  stm32l0xx_hal_uart.o(.text)
    UART_DMARxOnlyAbortCallback              0x080046e9   Thumb Code    32  stm32l0xx_hal_uart.o(.text)
    UART_DMAAbortOnError                     0x08004791   Thumb Code    24  stm32l0xx_hal_uart.o(.text)
    UART_Receive_IT                          0x080047a9   Thumb Code   150  stm32l0xx_hal_uart.o(.text)
    UART_Transmit_IT                         0x08004b4b   Thumb Code   114  stm32l0xx_hal_uart.o(.text)
    UART_EndTransmit_IT                      0x08004bbd   Thumb Code    32  stm32l0xx_hal_uart.o(.text)
    .text                                    0x08004bdc   Section        0  stm32l0xx_hal_uart_ex.o(.text)
    UARTEx_Wakeup_AddressConfig              0x08004cbb   Thumb Code    54  stm32l0xx_hal_uart_ex.o(.text)
    .text                                    0x08004e8c   Section        0  stm32l0xx_hal_dma.o(.text)
    DMA_SetConfig                            0x080052b1   Thumb Code    32  stm32l0xx_hal_dma.o(.text)
    .text                                    0x08005ab8   Section        0  schd.o(.text)
    .text                                    0x08005c0c   Section        0  globalvar.o(.text)
    .text                                    0x08005c68   Section        0  delay.o(.text)
    .text                                    0x08005cb4   Section        0  led.o(.text)
    LED_Configuration                        0x08005d19   Thumb Code   164  led.o(.text)
    .text                                    0x08005eb0   Section        0  spi.o(.text)
    SPIx_MspInit                             0x08005eb1   Thumb Code   152  spi.o(.text)
    .text                                    0x08006020   Section        0  sx1276.o(.text)
    Lora_GPIO_Config                         0x08006021   Thumb Code   140  sx1276.o(.text)
    Delay1s                                  0x080060c1   Thumb Code    26  sx1276.o(.text)
    SX1276LORA_INT                           0x080064f1   Thumb Code    88  sx1276.o(.text)
    lora_tx_with_timeout                     0x08006623   Thumb Code    74  sx1276.o(.text)
    .text                                    0x080067f0   Section        0  usart.o(.text)
    .text                                    0x080069f8   Section        0  finger.o(.text)
    .text                                    0x0800707c   Section        0  lowpower.o(.text)
    .text                                    0x08007128   Section        0  uidiv.o(.text)
    .text                                    0x08007154   Section        0  idiv.o(.text)
    .text                                    0x0800717c   Section        0  uldiv.o(.text)
    .text                                    0x080071dc   Section        0  memcpya.o(.text)
    .text                                    0x08007200   Section        0  memseta.o(.text)
    .text                                    0x08007224   Section        0  llshl.o(.text)
    .text                                    0x08007244   Section        0  llushr.o(.text)
    .text                                    0x08007268   Section       36  init.o(.text)
    i.__ARM_common_ll_muluu                  0x0800728c   Section        0  stm32l0xx_hal_uart.o(i.__ARM_common_ll_muluu)
    i.__ARM_common_switch8                   0x080072bc   Section        0  main.o(i.__ARM_common_switch8)
    i.__scatterload_copy                     0x080072d8   Section       14  handlers.o(i.__scatterload_copy)
    i.__scatterload_null                     0x080072e6   Section        2  handlers.o(i.__scatterload_null)
    i.__scatterload_zeroinit                 0x080072e8   Section       14  handlers.o(i.__scatterload_zeroinit)
    .constdata                               0x080072f8   Section        8  main.o(.constdata)
    .constdata                               0x08007300   Section       33  system_stm32l0xx.o(.constdata)
    .constdata                               0x08007324   Section       36  led.o(.constdata)
    .constdata                               0x08007348   Section      140  sx1276.o(.constdata)
    Freq_Table                               0x08007350   Data          96  sx1276.o(.constdata)
    LoRa_DataRate_Table                      0x080073b0   Data          18  sx1276.o(.constdata)
    .constdata                               0x080073d4   Section       78  finger.o(.constdata)
    .data                                    0x20000000   Section       12  main.o(.data)
    ledStatus                                0x20000004   Data           1  main.o(.data)
    runningTick                              0x20000008   Data           4  main.o(.data)
    .data                                    0x2000000c   Section        4  system_stm32l0xx.o(.data)
    .data                                    0x20000010   Section        4  stm32l0xx_hal.o(.data)
    .data                                    0x20000014   Section        4  schd.o(.data)
    .data                                    0x20000018   Section        4  globalvar.o(.data)
    .data                                    0x2000001c   Section        4  spi.o(.data)
    .data                                    0x20000020   Section       16  usart.o(.data)
    .data                                    0x20000030   Section       16  finger.o(.data)
    .data                                    0x20000040   Section       24  lowpower.o(.data)
    .bss                                     0x20000058   Section      774  main.o(.bss)
    .bss                                     0x20000360   Section     1280  schd.o(.bss)
    .bss                                     0x20000860   Section       36  led.o(.bss)
    .bss                                     0x20000884   Section       88  spi.o(.bss)
    .bss                                     0x200008dc   Section      280  sx1276.o(.bss)
    .bss                                     0x200009f4   Section     2324  usart.o(.bss)
    .bss                                     0x20001308   Section      154  finger.o(.bss)
    STACK                                    0x200013a8   Section     2560  startup_stm32l051xx.o(STACK)

    Global Symbols

    Symbol Name                              Value     Ov Type        Size  Object(Section)

    BuildAttributes$$THM_ISAv3M$S$PE$A:L22$X:L11$S22$IEEE1$IW$USESV6$~STKCKD$USESV7$~SHL$OSPACE$EBA8$MICROLIB$REQ8$PRES8$EABIv2 0x00000000   Number         0  anon$$obj.o ABSOLUTE
    __ARM_use_no_argv                        0x00000000   Number         0  main.o ABSOLUTE
    __cpp_initialize__aeabi_                  - Undefined Weak Reference
    __cxa_finalize                            - Undefined Weak Reference
    __decompress                              - Undefined Weak Reference
    _clock_init                               - Undefined Weak Reference
    _microlib_exit                            - Undefined Weak Reference
    __Vectors_Size                           0x000000c0   Number         0  startup_stm32l051xx.o ABSOLUTE
    __Vectors                                0x08000000   Data           4  startup_stm32l051xx.o(RESET)
    __Vectors_End                            0x080000c0   Data           0  startup_stm32l051xx.o(RESET)
    __main                                   0x080000c1   Thumb Code     0  entry.o(.ARM.Collect$$$$00000000)
    _main_stk                                0x080000c1   Thumb Code     0  entry2.o(.ARM.Collect$$$$00000001)
    _main_scatterload                        0x080000c5   Thumb Code     0  entry5.o(.ARM.Collect$$$$00000004)
    __main_after_scatterload                 0x080000c9   Thumb Code     0  entry5.o(.ARM.Collect$$$$00000004)
    _main_clock                              0x080000c9   Thumb Code     0  entry7b.o(.ARM.Collect$$$$00000008)
    _main_cpp_init                           0x080000c9   Thumb Code     0  entry8b.o(.ARM.Collect$$$$0000000A)
    _main_init                               0x080000c9   Thumb Code     0  entry9a.o(.ARM.Collect$$$$0000000B)
    __rt_final_cpp                           0x080000d1   Thumb Code     0  entry10a.o(.ARM.Collect$$$$0000000D)
    __rt_final_exit                          0x080000d1   Thumb Code     0  entry11a.o(.ARM.Collect$$$$0000000F)
    Reset_Handler                            0x080000d5   Thumb Code     8  startup_stm32l051xx.o(.text)
    ADC1_COMP_IRQHandler                     0x080000e7   Thumb Code     0  startup_stm32l051xx.o(.text)
    DMA1_Channel1_IRQHandler                 0x080000e7   Thumb Code     0  startup_stm32l051xx.o(.text)
    DMA1_Channel2_3_IRQHandler               0x080000e7   Thumb Code     0  startup_stm32l051xx.o(.text)
    DMA1_Channel4_5_6_7_IRQHandler           0x080000e7   Thumb Code     0  startup_stm32l051xx.o(.text)
    EXTI2_3_IRQHandler                       0x080000e7   Thumb Code     0  startup_stm32l051xx.o(.text)
    FLASH_IRQHandler                         0x080000e7   Thumb Code     0  startup_stm32l051xx.o(.text)
    I2C1_IRQHandler                          0x080000e7   Thumb Code     0  startup_stm32l051xx.o(.text)
    I2C2_IRQHandler                          0x080000e7   Thumb Code     0  startup_stm32l051xx.o(.text)
    LPTIM1_IRQHandler                        0x080000e7   Thumb Code     0  startup_stm32l051xx.o(.text)
    LPUART1_IRQHandler                       0x080000e7   Thumb Code     0  startup_stm32l051xx.o(.text)
    PVD_IRQHandler                           0x080000e7   Thumb Code     0  startup_stm32l051xx.o(.text)
    RCC_IRQHandler                           0x080000e7   Thumb Code     0  startup_stm32l051xx.o(.text)
    RTC_IRQHandler                           0x080000e7   Thumb Code     0  startup_stm32l051xx.o(.text)
    SPI1_IRQHandler                          0x080000e7   Thumb Code     0  startup_stm32l051xx.o(.text)
    SPI2_IRQHandler                          0x080000e7   Thumb Code     0  startup_stm32l051xx.o(.text)
    TIM21_IRQHandler                         0x080000e7   Thumb Code     0  startup_stm32l051xx.o(.text)
    TIM22_IRQHandler                         0x080000e7   Thumb Code     0  startup_stm32l051xx.o(.text)
    TIM2_IRQHandler                          0x080000e7   Thumb Code     0  startup_stm32l051xx.o(.text)
    TIM6_IRQHandler                          0x080000e7   Thumb Code     0  startup_stm32l051xx.o(.text)
    WWDG_IRQHandler                          0x080000e7   Thumb Code     0  startup_stm32l051xx.o(.text)
    update_no_touch_tickTime                 0x08000203   Thumb Code    12  main.o(.text)
    uart_server                              0x0800020f   Thumb Code    32  main.o(.text)
    _buf_send_to_server                      0x0800022f   Thumb Code   162  main.o(.text)
    server_send                              0x080002d1   Thumb Code   160  main.o(.text)
    process_serverRxBuffer                   0x08000371   Thumb Code   258  main.o(.text)
    process_fingerRxBuffer                   0x08000473   Thumb Code   370  main.o(.text)
    send_finger_data_to_server               0x080005e5   Thumb Code    24  main.o(.text)
    finger_getStep                           0x080005fd   Thumb Code     8  main.o(.text)
    finger_callback                          0x08000605   Thumb Code   106  main.o(.text)
    finger_OpSta                             0x0800066f   Thumb Code   142  main.o(.text)
    main                                     0x080006fd   Thumb Code   208  main.o(.text)
    HAL_GPIO_EXTI_Callback                   0x080007cd   Thumb Code   110  main.o(.text)
    set_usartX_flag                          0x0800083b   Thumb Code    16  main.o(.text)
    HAL_UART_RxCpltCallback                  0x0800084b   Thumb Code    34  main.o(.text)
    shut_led                                 0x0800086d   Thumb Code    10  main.o(.text)
    SystemInit                               0x080008b9   Thumb Code    88  system_stm32l0xx.o(.text)
    SystemCoreClockUpdate                    0x08000911   Thumb Code   226  system_stm32l0xx.o(.text)
    NMI_Handler                              0x08000a19   Thumb Code     2  stm32l0xx_it.o(.text)
    HardFault_Handler                        0x08000a1b   Thumb Code     4  stm32l0xx_it.o(.text)
    SVC_Handler                              0x08000a1f   Thumb Code     2  stm32l0xx_it.o(.text)
    DebugMon_Handler                         0x08000a21   Thumb Code     2  stm32l0xx_it.o(.text)
    PendSV_Handler                           0x08000a23   Thumb Code     2  stm32l0xx_it.o(.text)
    EXTI4_15_IRQHandler                      0x08000a25   Thumb Code    12  stm32l0xx_it.o(.text)
    EXTI0_1_IRQHandler                       0x08000a31   Thumb Code    10  stm32l0xx_it.o(.text)
    HAL_MspInit                              0x08000a3d   Thumb Code     2  stm32l0xx_hal.o(.text)
    HAL_InitTick                             0x08000a3f   Thumb Code    36  stm32l0xx_hal.o(.text)
    HAL_Init                                 0x08000a63   Thumb Code    40  stm32l0xx_hal.o(.text)
    HAL_MspDeInit                            0x08000a8b   Thumb Code     2  stm32l0xx_hal.o(.text)
    HAL_DeInit                               0x08000a8d   Thumb Code    46  stm32l0xx_hal.o(.text)
    HAL_IncTick                              0x08000abb   Thumb Code    12  stm32l0xx_hal.o(.text)
    HAL_GetTick                              0x08000ac7   Thumb Code     6  stm32l0xx_hal.o(.text)
    HAL_Delay                                0x08000acd   Thumb Code    26  stm32l0xx_hal.o(.text)
    HAL_SuspendTick                          0x08000ae7   Thumb Code    14  stm32l0xx_hal.o(.text)
    HAL_ResumeTick                           0x08000af5   Thumb Code    14  stm32l0xx_hal.o(.text)
    HAL_GetHalVersion                        0x08000b03   Thumb Code     4  stm32l0xx_hal.o(.text)
    HAL_GetREVID                             0x08000b07   Thumb Code     8  stm32l0xx_hal.o(.text)
    HAL_GetDEVID                             0x08000b0f   Thumb Code    10  stm32l0xx_hal.o(.text)
    HAL_DBGMCU_EnableDBGSleepMode            0x08000b19   Thumb Code    14  stm32l0xx_hal.o(.text)
    HAL_DBGMCU_DisableDBGSleepMode           0x08000b27   Thumb Code    14  stm32l0xx_hal.o(.text)
    HAL_DBGMCU_EnableDBGStopMode             0x08000b35   Thumb Code    14  stm32l0xx_hal.o(.text)
    HAL_DBGMCU_DisableDBGStopMode            0x08000b43   Thumb Code    14  stm32l0xx_hal.o(.text)
    HAL_DBGMCU_EnableDBGStandbyMode          0x08000b51   Thumb Code    14  stm32l0xx_hal.o(.text)
    HAL_DBGMCU_DisableDBGStandbyMode         0x08000b5f   Thumb Code    14  stm32l0xx_hal.o(.text)
    HAL_DBGMCU_DBG_EnableLowPowerConfig      0x08000b6d   Thumb Code    12  stm32l0xx_hal.o(.text)
    HAL_DBGMCU_DBG_DisableLowPowerConfig     0x08000b79   Thumb Code    12  stm32l0xx_hal.o(.text)
    HAL_SYSCFG_GetBootMode                   0x08000b85   Thumb Code    12  stm32l0xx_hal.o(.text)
    HAL_SYSCFG_VREFINT_OutputSelect          0x08000b91   Thumb Code    22  stm32l0xx_hal.o(.text)
    HAL_SYSCFG_Enable_Lock_VREFINT           0x08000ba7   Thumb Code    16  stm32l0xx_hal.o(.text)
    HAL_SYSCFG_Disable_Lock_VREFINT          0x08000bb7   Thumb Code    14  stm32l0xx_hal.o(.text)
    HAL_NVIC_SetPriority                     0x08000c53   Thumb Code    18  stm32l0xx_hal_cortex.o(.text)
    HAL_NVIC_EnableIRQ                       0x08000c65   Thumb Code    18  stm32l0xx_hal_cortex.o(.text)
    HAL_NVIC_DisableIRQ                      0x08000c77   Thumb Code    20  stm32l0xx_hal_cortex.o(.text)
    HAL_NVIC_SystemReset                     0x08000c8b   Thumb Code    50  stm32l0xx_hal_cortex.o(.text)
    HAL_SYSTICK_Config                       0x08000cbd   Thumb Code    46  stm32l0xx_hal_cortex.o(.text)
    HAL_NVIC_GetPriority                     0x08000ceb   Thumb Code    62  stm32l0xx_hal_cortex.o(.text)
    HAL_NVIC_SetPendingIRQ                   0x08000d29   Thumb Code    18  stm32l0xx_hal_cortex.o(.text)
    HAL_NVIC_GetPendingIRQ                   0x08000d3b   Thumb Code    34  stm32l0xx_hal_cortex.o(.text)
    HAL_NVIC_ClearPendingIRQ                 0x08000d5d   Thumb Code    20  stm32l0xx_hal_cortex.o(.text)
    HAL_SYSTICK_CLKSourceConfig              0x08000d71   Thumb Code    32  stm32l0xx_hal_cortex.o(.text)
    HAL_SYSTICK_Callback                     0x08000d91   Thumb Code     2  stm32l0xx_hal_cortex.o(.text)
    HAL_SYSTICK_IRQHandler                   0x08000d93   Thumb Code     8  stm32l0xx_hal_cortex.o(.text)
    HAL_MPU_ConfigRegion                     0x08000d9b   Thumb Code    86  stm32l0xx_hal_cortex.o(.text)
    HAL_GPIO_Init                            0x08000e09   Thumb Code   462  stm32l0xx_hal_gpio.o(.text)
    HAL_GPIO_DeInit                          0x08000fd7   Thumb Code   254  stm32l0xx_hal_gpio.o(.text)
    HAL_GPIO_ReadPin                         0x080010d5   Thumb Code    18  stm32l0xx_hal_gpio.o(.text)
    HAL_GPIO_WritePin                        0x080010e7   Thumb Code    12  stm32l0xx_hal_gpio.o(.text)
    HAL_GPIO_TogglePin                       0x080010f3   Thumb Code     8  stm32l0xx_hal_gpio.o(.text)
    HAL_GPIO_LockPin                         0x080010fb   Thumb Code    50  stm32l0xx_hal_gpio.o(.text)
    HAL_GPIO_EXTI_IRQHandler                 0x0800112f   Thumb Code    26  stm32l0xx_hal_gpio.o(.text)
    HAL_RCC_DeInit                           0x08001165   Thumb Code   118  stm32l0xx_hal_rcc.o(.text)
    HAL_RCC_OscConfig                        0x08001265   Thumb Code  1572  stm32l0xx_hal_rcc.o(.text)
    HAL_RCC_GetSysClockFreq                  0x08001889   Thumb Code   236  stm32l0xx_hal_rcc.o(.text)
    HAL_RCC_ClockConfig                      0x08001975   Thumb Code   482  stm32l0xx_hal_rcc.o(.text)
    HAL_RCC_MCOConfig                        0x08001b57   Thumb Code   154  stm32l0xx_hal_rcc.o(.text)
    HAL_RCC_EnableCSS                        0x08001bf1   Thumb Code    16  stm32l0xx_hal_rcc.o(.text)
    HAL_RCC_GetHCLKFreq                      0x08001c01   Thumb Code     6  stm32l0xx_hal_rcc.o(.text)
    HAL_RCC_GetPCLK1Freq                     0x08001c07   Thumb Code    26  stm32l0xx_hal_rcc.o(.text)
    HAL_RCC_GetPCLK2Freq                     0x08001c21   Thumb Code    26  stm32l0xx_hal_rcc.o(.text)
    HAL_RCC_GetOscConfig                     0x08001c3b   Thumb Code   262  stm32l0xx_hal_rcc.o(.text)
    HAL_RCC_GetClockConfig                   0x08001d41   Thumb Code    86  stm32l0xx_hal_rcc.o(.text)
    HAL_RCC_CSSCallback                      0x08001d97   Thumb Code     2  stm32l0xx_hal_rcc.o(.text)
    HAL_RCC_NMI_IRQHandler                   0x08001d99   Thumb Code    30  stm32l0xx_hal_rcc.o(.text)
    HAL_SPI_MspInit                          0x08001dbd   Thumb Code     2  stm32l0xx_hal_spi.o(.text)
    HAL_SPI_Init                             0x08001dbf   Thumb Code   142  stm32l0xx_hal_spi.o(.text)
    HAL_SPI_MspDeInit                        0x08001e4d   Thumb Code     2  stm32l0xx_hal_spi.o(.text)
    HAL_SPI_DeInit                           0x08001e4f   Thumb Code    58  stm32l0xx_hal_spi.o(.text)
    HAL_SPI_Transmit                         0x08001fa1   Thumb Code   474  stm32l0xx_hal_spi.o(.text)
    HAL_SPI_TransmitReceive                  0x0800217b   Thumb Code   894  stm32l0xx_hal_spi.o(.text)
    HAL_SPI_Receive                          0x080024f9   Thumb Code   608  stm32l0xx_hal_spi.o(.text)
    HAL_SPI_ErrorCallback                    0x08002759   Thumb Code     2  stm32l0xx_hal_spi.o(.text)
    HAL_SPI_TxCpltCallback                   0x0800275b   Thumb Code     2  stm32l0xx_hal_spi.o(.text)
    HAL_SPI_TxRxCpltCallback                 0x0800275d   Thumb Code     2  stm32l0xx_hal_spi.o(.text)
    HAL_SPI_Transmit_IT                      0x08002859   Thumb Code   208  stm32l0xx_hal_spi.o(.text)
    HAL_SPI_RxCpltCallback                   0x08002929   Thumb Code     2  stm32l0xx_hal_spi.o(.text)
    HAL_SPI_TransmitReceive_IT               0x08002a6f   Thumb Code   202  stm32l0xx_hal_spi.o(.text)
    HAL_SPI_Receive_IT                       0x08002b91   Thumb Code   248  stm32l0xx_hal_spi.o(.text)
    HAL_SPI_TxHalfCpltCallback               0x08002d31   Thumb Code     2  stm32l0xx_hal_spi.o(.text)
    HAL_SPI_Transmit_DMA                     0x08002d41   Thumb Code   258  stm32l0xx_hal_spi.o(.text)
    HAL_SPI_RxHalfCpltCallback               0x08002f25   Thumb Code     2  stm32l0xx_hal_spi.o(.text)
    HAL_SPI_TxRxHalfCpltCallback             0x08003017   Thumb Code     2  stm32l0xx_hal_spi.o(.text)
    HAL_SPI_TransmitReceive_DMA              0x08003027   Thumb Code   312  stm32l0xx_hal_spi.o(.text)
    HAL_SPI_Receive_DMA                      0x0800315f   Thumb Code   330  stm32l0xx_hal_spi.o(.text)
    HAL_SPI_DMAPause                         0x080032a9   Thumb Code    62  stm32l0xx_hal_spi.o(.text)
    HAL_SPI_DMAResume                        0x080032e7   Thumb Code    62  stm32l0xx_hal_spi.o(.text)
    HAL_SPI_DMAStop                          0x08003325   Thumb Code    62  stm32l0xx_hal_spi.o(.text)
    HAL_SPI_IRQHandler                       0x08003363   Thumb Code   302  stm32l0xx_hal_spi.o(.text)
    HAL_SPI_GetState                         0x08003491   Thumb Code     8  stm32l0xx_hal_spi.o(.text)
    HAL_SPI_GetError                         0x08003499   Thumb Code     6  stm32l0xx_hal_spi.o(.text)
    UART_WaitOnFlagUntilTimeout              0x080034ad   Thumb Code   112  stm32l0xx_hal_uart.o(.text)
    UART_CheckIdleState                      0x0800351d   Thumb Code   112  stm32l0xx_hal_uart.o(.text)
    UART_SetConfig                           0x0800358d   Thumb Code   690  stm32l0xx_hal_uart.o(.text)
    UART_AdvFeatureConfig                    0x0800383f   Thumb Code   278  stm32l0xx_hal_uart.o(.text)
    HAL_UART_MspInit                         0x08003955   Thumb Code     2  stm32l0xx_hal_uart.o(.text)
    HAL_UART_Init                            0x08003957   Thumb Code   130  stm32l0xx_hal_uart.o(.text)
    HAL_HalfDuplex_Init                      0x080039d9   Thumb Code   132  stm32l0xx_hal_uart.o(.text)
    HAL_LIN_Init                             0x08003a5d   Thumb Code   174  stm32l0xx_hal_uart.o(.text)
    HAL_MultiProcessor_Init                  0x08003b0b   Thumb Code   164  stm32l0xx_hal_uart.o(.text)
    HAL_UART_MspDeInit                       0x08003baf   Thumb Code     2  stm32l0xx_hal_uart.o(.text)
    HAL_UART_DeInit                          0x08003bb1   Thumb Code    76  stm32l0xx_hal_uart.o(.text)
    HAL_UART_Transmit                        0x08003bfd   Thumb Code   240  stm32l0xx_hal_uart.o(.text)
    HAL_UART_Receive                         0x08003ced   Thumb Code   328  stm32l0xx_hal_uart.o(.text)
    HAL_UART_Transmit_IT                     0x08003e35   Thumb Code   124  stm32l0xx_hal_uart.o(.text)
    HAL_UART_Receive_IT                      0x08003eb1   Thumb Code   230  stm32l0xx_hal_uart.o(.text)
    HAL_UART_TxHalfCpltCallback              0x08004025   Thumb Code     2  stm32l0xx_hal_uart.o(.text)
    HAL_UART_TxCpltCallback                  0x08004035   Thumb Code     2  stm32l0xx_hal_uart.o(.text)
    HAL_UART_Transmit_DMA                    0x08004071   Thumb Code   174  stm32l0xx_hal_uart.o(.text)
    HAL_UART_RxHalfCpltCallback              0x0800411f   Thumb Code     2  stm32l0xx_hal_uart.o(.text)
    HAL_UART_Receive_DMA                     0x0800418f   Thumb Code   190  stm32l0xx_hal_uart.o(.text)
    HAL_UART_DMAPause                        0x0800424d   Thumb Code   124  stm32l0xx_hal_uart.o(.text)
    HAL_UART_DMAResume                       0x080042c9   Thumb Code   110  stm32l0xx_hal_uart.o(.text)
    HAL_UART_DMAStop                         0x08004337   Thumb Code   104  stm32l0xx_hal_uart.o(.text)
    HAL_UART_Abort                           0x0800439f   Thumb Code   142  stm32l0xx_hal_uart.o(.text)
    HAL_UART_AbortTransmit                   0x0800442d   Thumb Code    72  stm32l0xx_hal_uart.o(.text)
    HAL_UART_AbortReceive                    0x08004475   Thumb Code    92  stm32l0xx_hal_uart.o(.text)
    HAL_UART_AbortCpltCallback               0x080044d1   Thumb Code     2  stm32l0xx_hal_uart.o(.text)
    HAL_UART_Abort_IT                        0x0800455b   Thumb Code   258  stm32l0xx_hal_uart.o(.text)
    HAL_UART_AbortTransmitCpltCallback       0x0800465d   Thumb Code     2  stm32l0xx_hal_uart.o(.text)
    HAL_UART_AbortTransmit_IT                0x08004679   Thumb Code   110  stm32l0xx_hal_uart.o(.text)
    HAL_UART_AbortReceiveCpltCallback        0x080046e7   Thumb Code     2  stm32l0xx_hal_uart.o(.text)
    HAL_UART_AbortReceive_IT                 0x08004709   Thumb Code   136  stm32l0xx_hal_uart.o(.text)
    HAL_UART_IRQHandler                      0x0800483f   Thumb Code   396  stm32l0xx_hal_uart.o(.text)
    HAL_MultiProcessor_EnableMuteMode        0x080049cb   Thumb Code    60  stm32l0xx_hal_uart.o(.text)
    HAL_MultiProcessor_DisableMuteMode       0x08004a07   Thumb Code    60  stm32l0xx_hal_uart.o(.text)
    HAL_MultiProcessor_EnterMuteMode         0x08004a43   Thumb Code    14  stm32l0xx_hal_uart.o(.text)
    HAL_HalfDuplex_EnableTransmitter         0x08004a51   Thumb Code    88  stm32l0xx_hal_uart.o(.text)
    HAL_HalfDuplex_EnableReceiver            0x08004aa9   Thumb Code    74  stm32l0xx_hal_uart.o(.text)
    HAL_LIN_SendBreak                        0x08004af3   Thumb Code    62  stm32l0xx_hal_uart.o(.text)
    HAL_UART_GetState                        0x08004b31   Thumb Code    20  stm32l0xx_hal_uart.o(.text)
    HAL_UART_GetError                        0x08004b45   Thumb Code     6  stm32l0xx_hal_uart.o(.text)
    HAL_RS485Ex_Init                         0x08004bdd   Thumb Code   156  stm32l0xx_hal_uart_ex.o(.text)
    HAL_MultiProcessorEx_AddressLength_Set   0x08004c79   Thumb Code    66  stm32l0xx_hal_uart_ex.o(.text)
    HAL_UARTEx_StopModeWakeUpSourceConfig    0x08004cf1   Thumb Code   150  stm32l0xx_hal_uart_ex.o(.text)
    HAL_UARTEx_EnableStopMode                0x08004d87   Thumb Code    62  stm32l0xx_hal_uart_ex.o(.text)
    HAL_UARTEx_DisableStopMode               0x08004dc5   Thumb Code    62  stm32l0xx_hal_uart_ex.o(.text)
    HAL_UARTEx_EnableClockStopMode           0x08004e03   Thumb Code    64  stm32l0xx_hal_uart_ex.o(.text)
    HAL_UARTEx_DisableClockStopMode          0x08004e43   Thumb Code    64  stm32l0xx_hal_uart_ex.o(.text)
    HAL_UARTEx_WakeupCallback                0x08004e83   Thumb Code     2  stm32l0xx_hal_uart_ex.o(.text)
    HAL_DMA_Init                             0x08004e8d   Thumb Code   390  stm32l0xx_hal_dma.o(.text)
    HAL_DMA_DeInit                           0x08005013   Thumb Code   670  stm32l0xx_hal_dma.o(.text)
    HAL_DMA_Start                            0x080052d1   Thumb Code    78  stm32l0xx_hal_dma.o(.text)
    HAL_DMA_Start_IT                         0x0800531f   Thumb Code   114  stm32l0xx_hal_dma.o(.text)
    HAL_DMA_Abort                            0x08005391   Thumb Code   100  stm32l0xx_hal_dma.o(.text)
    HAL_DMA_Abort_IT                         0x080053f5   Thumb Code   174  stm32l0xx_hal_dma.o(.text)
    HAL_DMA_PollForTransfer                  0x080054a3   Thumb Code   744  stm32l0xx_hal_dma.o(.text)
    HAL_DMA_IRQHandler                       0x0800578b   Thumb Code   794  stm32l0xx_hal_dma.o(.text)
    HAL_DMA_GetState                         0x08005aa5   Thumb Code     8  stm32l0xx_hal_dma.o(.text)
    HAL_DMA_GetError                         0x08005aad   Thumb Code     6  stm32l0xx_hal_dma.o(.text)
    Schd_After                               0x08005ab9   Thumb Code    88  schd.o(.text)
    Schd_After_Int                           0x08005b11   Thumb Code    38  schd.o(.text)
    Schd_Run                                 0x08005b37   Thumb Code   204  schd.o(.text)
    SysTick_Handler                          0x08005c0d   Thumb Code    26  globalvar.o(.text)
    local_ticktime                           0x08005c27   Thumb Code     6  globalvar.o(.text)
    timeout                                  0x08005c2d   Thumb Code    20  globalvar.o(.text)
    delay_us                                 0x08005c41   Thumb Code    18  globalvar.o(.text)
    watchdog                                 0x08005c53   Thumb Code     8  globalvar.o(.text)
    Delay_1us                                0x08005c69   Thumb Code    14  delay.o(.text)
    Delay_nus                                0x08005c77   Thumb Code    22  delay.o(.text)
    Delay_1ms                                0x08005c8d   Thumb Code    14  delay.o(.text)
    Delay_nms                                0x08005c9b   Thumb Code    22  delay.o(.text)
    LED_OFF                                  0x08005cb5   Thumb Code    50  led.o(.text)
    LED_ON                                   0x08005ce7   Thumb Code    50  led.o(.text)
    init_led                                 0x08005dbd   Thumb Code    26  led.o(.text)
    LED_TOGGLE                               0x08005dd7   Thumb Code    48  led.o(.text)
    BUZZER_ON                                0x08005e07   Thumb Code    46  led.o(.text)
    BUZZER_OFF                               0x08005e35   Thumb Code    46  led.o(.text)
    buzzer                                   0x08005e63   Thumb Code    64  led.o(.text)
    SPIx_Init                                0x08005f49   Thumb Code    74  spi.o(.text)
    SPIx_Error                               0x08005f93   Thumb Code    14  spi.o(.text)
    SPIx_WriteReadData                       0x08005fa1   Thumb Code    40  spi.o(.text)
    SPIx_WriteData                           0x08005fc9   Thumb Code    34  spi.o(.text)
    SPIx_Write                               0x08005feb   Thumb Code    36  spi.o(.text)
    lora_RWByte                              0x080060ad   Thumb Code    20  sx1276.o(.text)
    SX1276Reset                              0x080060db   Thumb Code    40  sx1276.o(.text)
    cmdSwitchEn                              0x08006103   Thumb Code    44  sx1276.o(.text)
    cmdSwitchPA                              0x0800612f   Thumb Code    64  sx1276.o(.text)
    register_rf_func                         0x0800616f   Thumb Code    50  sx1276.o(.text)
    SX1276WriteBuffer                        0x080061a1   Thumb Code    44  sx1276.o(.text)
    SX1276ReadBuffer                         0x080061cd   Thumb Code    44  sx1276.o(.text)
    SX1276LoRaSetOpMode                      0x080061f9   Thumb Code    32  sx1276.o(.text)
    SX1276LoRaFsk                            0x08006219   Thumb Code    32  sx1276.o(.text)
    SX1276LoRaSetRFFrequency                 0x08006239   Thumb Code    38  sx1276.o(.text)
    SX1276LoRaSetRFPower                     0x0800625f   Thumb Code    24  sx1276.o(.text)
    SX1276LoRaSetNbTrigPeaks                 0x08006277   Thumb Code    32  sx1276.o(.text)
    SX1276LoRaSetSpreadingFactor             0x08006297   Thumb Code    38  sx1276.o(.text)
    SX1276LoRaSetErrorCoding                 0x080062bd   Thumb Code    34  sx1276.o(.text)
    SX1276LoRaSetPacketCrcOn                 0x080062df   Thumb Code    34  sx1276.o(.text)
    SX1276LoRaSetSignalBandwidth             0x08006301   Thumb Code    32  sx1276.o(.text)
    SX1276LoRaSetImplicitHeaderOn            0x08006321   Thumb Code    32  sx1276.o(.text)
    SX1276LoRaSetSymbTimeout                 0x08006341   Thumb Code    68  sx1276.o(.text)
    SX1276LoRaSetPayloadLength               0x08006385   Thumb Code    14  sx1276.o(.text)
    SX1276LoRaSetPreamLength                 0x08006393   Thumb Code    38  sx1276.o(.text)
    SX1276LoRaSetMobileNode                  0x080063b9   Thumb Code    34  sx1276.o(.text)
    SX1276_GetVersion                        0x080063db   Thumb Code    14  sx1276.o(.text)
    RF_RECEIVE                               0x080063e9   Thumb Code    80  sx1276.o(.text)
    SX1276_LoRa_SetDataRate                  0x08006439   Thumb Code   184  sx1276.o(.text)
    FUN_RF_SENDPACKET                        0x08006549   Thumb Code   130  sx1276.o(.text)
    RF_CAD_RECEIVE                           0x080065cb   Thumb Code    48  sx1276.o(.text)
    RF_SLEEP                                 0x080065fb   Thumb Code    40  sx1276.o(.text)
    Lora_Send                                0x0800666d   Thumb Code   124  sx1276.o(.text)
    SX1276_InitSuccess                       0x080066e9   Thumb Code     2  sx1276.o(.text)
    SX1276_InitFailed                        0x080066eb   Thumb Code     2  sx1276.o(.text)
    Lora_Init                                0x080066ed   Thumb Code    48  sx1276.o(.text)
    SX1278_Interupt                          0x0800671d   Thumb Code   186  sx1276.o(.text)
    UART_SendMsg                             0x080067f1   Thumb Code    50  usart.o(.text)
    usart2_tx_AFGPIO_init                    0x08006823   Thumb Code    38  usart.o(.text)
    USARTConfig                              0x08006849   Thumb Code   354  usart.o(.text)
    HAL_UART_ErrorCallback                   0x080069ab   Thumb Code    30  usart.o(.text)
    USART1_IRQHandler                        0x080069c9   Thumb Code    10  usart.o(.text)
    USART2_IRQHandler                        0x080069d3   Thumb Code    10  usart.o(.text)
    finger_cmd_wait_timeOut                  0x080069f9   Thumb Code    38  finger.o(.text)
    init_finger                              0x08006a1f   Thumb Code    78  finger.o(.text)
    finger_online                            0x08006a6d   Thumb Code    22  finger.o(.text)
    send_to_finger                           0x08006a83   Thumb Code   150  finger.o(.text)
    sendCmd_getImg                           0x08006b19   Thumb Code    28  finger.o(.text)
    sendCmd_genChar                          0x08006b35   Thumb Code    38  finger.o(.text)
    sendCmd_regModel                         0x08006b5b   Thumb Code    32  finger.o(.text)
    sendCmd_upChar                           0x08006b7b   Thumb Code    38  finger.o(.text)
    sendCmd_downChar                         0x08006ba1   Thumb Code    38  finger.o(.text)
    sendCmd_store                            0x08006bc7   Thumb Code    46  finger.o(.text)
    sendCmd_loadChar                         0x08006bf5   Thumb Code    46  finger.o(.text)
    sendCmd_deletChar                        0x08006c23   Thumb Code    52  finger.o(.text)
    sendCmd_empty                            0x08006c57   Thumb Code    32  finger.o(.text)
    sendCmd_match                            0x08006c77   Thumb Code    32  finger.o(.text)
    sendCmd_search                           0x08006c97   Thumb Code    56  finger.o(.text)
    sendCmd_templeteNum                      0x08006ccf   Thumb Code    32  finger.o(.text)
    sendCmd_setSysPara                       0x08006cef   Thumb Code    42  finger.o(.text)
    sendCmd_readSysPara                      0x08006d19   Thumb Code    32  finger.o(.text)
    sendCmd_writeNotepad                     0x08006d39   Thumb Code    72  finger.o(.text)
    sendCmd_readNotepad                      0x08006d81   Thumb Code    38  finger.o(.text)
    sendCmd_readFpflash                      0x08006da7   Thumb Code    38  finger.o(.text)
    sendCmd_readInfo                         0x08006dcd   Thumb Code    64  finger.o(.text)
    sendData_downchar                        0x08006e0d   Thumb Code    78  finger.o(.text)
    fingerSearchFrame                        0x08006e5b   Thumb Code    54  finger.o(.text)
    finger_processCMD                        0x08006e91   Thumb Code     2  finger.o(.text)
    finger_processACK                        0x08006e93   Thumb Code   358  finger.o(.text)
    finger_processEND                        0x08006ff9   Thumb Code     8  finger.o(.text)
    finger_processDATA                       0x08007001   Thumb Code   102  finger.o(.text)
    init_PowerControl_Configuration          0x0800707d   Thumb Code    78  lowpower.o(.text)
    powerOn_LoRa                             0x080070cb   Thumb Code    22  lowpower.o(.text)
    powerOff_LoRa                            0x080070e1   Thumb Code    22  lowpower.o(.text)
    powerOn_finger                           0x080070f7   Thumb Code    22  lowpower.o(.text)
    powerOff_finger                          0x0800710d   Thumb Code    22  lowpower.o(.text)
    __aeabi_uidiv                            0x08007129   Thumb Code     0  uidiv.o(.text)
    __aeabi_uidivmod                         0x08007129   Thumb Code    44  uidiv.o(.text)
    __aeabi_idiv                             0x08007155   Thumb Code     0  idiv.o(.text)
    __aeabi_idivmod                          0x08007155   Thumb Code    40  idiv.o(.text)
    __aeabi_uldivmod                         0x0800717d   Thumb Code    96  uldiv.o(.text)
    __aeabi_memcpy                           0x080071dd   Thumb Code    36  memcpya.o(.text)
    __aeabi_memcpy4                          0x080071dd   Thumb Code     0  memcpya.o(.text)
    __aeabi_memcpy8                          0x080071dd   Thumb Code     0  memcpya.o(.text)
    __aeabi_memset                           0x08007201   Thumb Code    14  memseta.o(.text)
    __aeabi_memset4                          0x08007201   Thumb Code     0  memseta.o(.text)
    __aeabi_memset8                          0x08007201   Thumb Code     0  memseta.o(.text)
    __aeabi_memclr                           0x0800720f   Thumb Code     4  memseta.o(.text)
    __aeabi_memclr4                          0x0800720f   Thumb Code     0  memseta.o(.text)
    __aeabi_memclr8                          0x0800720f   Thumb Code     0  memseta.o(.text)
    _memset$wrapper                          0x08007213   Thumb Code    18  memseta.o(.text)
    __aeabi_llsl                             0x08007225   Thumb Code    32  llshl.o(.text)
    _ll_shift_l                              0x08007225   Thumb Code     0  llshl.o(.text)
    __aeabi_llsr                             0x08007245   Thumb Code    34  llushr.o(.text)
    _ll_ushift_r                             0x08007245   Thumb Code     0  llushr.o(.text)
    __scatterload                            0x08007269   Thumb Code    28  init.o(.text)
    __scatterload_rt2                        0x08007269   Thumb Code     0  init.o(.text)
    __ARM_common_ll_muluu                    0x0800728d   Thumb Code    48  stm32l0xx_hal_uart.o(i.__ARM_common_ll_muluu)
    __ARM_common_switch8                     0x080072bd   Thumb Code    28  main.o(i.__ARM_common_switch8)
    __scatterload_copy                       0x080072d9   Thumb Code    14  handlers.o(i.__scatterload_copy)
    __scatterload_null                       0x080072e7   Thumb Code     2  handlers.o(i.__scatterload_null)
    __scatterload_zeroinit                   0x080072e9   Thumb Code    14  handlers.o(i.__scatterload_zeroinit)
    node_ID                                  0x080072f8   Data           4  main.o(.constdata)
    AHBPrescTable                            0x08007300   Data          16  system_stm32l0xx.o(.constdata)
    APBPrescTable                            0x08007310   Data           8  system_stm32l0xx.o(.constdata)
    PLLMulTable                              0x08007318   Data           9  system_stm32l0xx.o(.constdata)
    power_data                               0x08007348   Data           8  sx1276.o(.constdata)
    Region$$Table$$Base                      0x08007424   Number         0  anon$$obj.o(Region$$Table)
    Region$$Table$$Limit                     0x08007444   Number         0  anon$$obj.o(Region$$Table)
    no_touch_timeOut_tick                    0x20000000   Data           4  main.o(.data)
    SystemCoreClock                          0x2000000c   Data           4  system_stm32l0xx.o(.data)
    uwTick                                   0x20000010   Data           4  stm32l0xx_hal.o(.data)
    _schd_last_microsecond                   0x20000014   Data           4  schd.o(.data)
    _localTimeTick_ms                        0x20000018   Data           4  globalvar.o(.data)
    SpixTimeout                              0x2000001c   Data           4  spi.o(.data)
    usart1_rx_flag                           0x20000020   Data           8  usart.o(.data)
    usart2_rx_flag                           0x20000028   Data           8  usart.o(.data)
    finger_fsm                               0x20000030   Data           2  finger.o(.data)
    finger_com                               0x20000034   Data           8  finger.o(.data)
    finger_lib                               0x2000003c   Data           4  finger.o(.data)
    power                                    0x20000040   Data          24  lowpower.o(.data)
    up_download_finger                       0x20000058   Data         774  main.o(.bss)
    _schd_items                              0x20000360   Data        1280  schd.o(.bss)
    _leds_defines                            0x20000860   Data          36  led.o(.bss)
    hnucleo_Spi                              0x20000884   Data          88  spi.o(.bss)
    lpTypefunc                               0x200008dc   Data          16  sx1276.o(.bss)
    lora_data                                0x200008ec   Data         264  sx1276.o(.bss)
    UartHandle2                              0x200009f4   Data         112  usart.o(.bss)
    UartHandle1                              0x20000a64   Data         112  usart.o(.bss)
    UART2_RxBuffer                           0x20000ad4   Data         150  usart.o(.bss)
    UART2_TxBuffer                           0x20000b6a   Data         900  usart.o(.bss)
    UART1_RxBuffer                           0x20000eee   Data         900  usart.o(.bss)
    UART1_TxBuffer                           0x20001272   Data         150  usart.o(.bss)
    finger                                   0x20001308   Data         154  finger.o(.bss)
    __initial_sp                             0x20001da8   Data           0  startup_stm32l051xx.o(STACK)



==============================================================================

Memory Map of the image

  Image Entry point : 0x080000c1

  Load Region LR_IROM1 (Base: 0x08000000, Size: 0x0000749c, Max: 0x00010000, ABSOLUTE)

    Execution Region ER_IROM1 (Base: 0x08000000, Size: 0x00007444, Max: 0x00010000, ABSOLUTE)

    Base Addr    Size         Type   Attr      Idx    E Section Name        Object

    0x08000000   0x000000c0   Data   RO            3    RESET               startup_stm32l051xx.o
    0x080000c0   0x00000000   Code   RO          691  * .ARM.Collect$$$$00000000  mc_p.l(entry.o)
    0x080000c0   0x00000004   Code   RO          706    .ARM.Collect$$$$00000001  mc_p.l(entry2.o)
    0x080000c4   0x00000004   Code   RO          709    .ARM.Collect$$$$00000004  mc_p.l(entry5.o)
    0x080000c8   0x00000000   Code   RO          711    .ARM.Collect$$$$00000008  mc_p.l(entry7b.o)
    0x080000c8   0x00000000   Code   RO          713    .ARM.Collect$$$$0000000A  mc_p.l(entry8b.o)
    0x080000c8   0x00000008   Code   RO          714    .ARM.Collect$$$$0000000B  mc_p.l(entry9a.o)
    0x080000d0   0x00000000   Code   RO          716    .ARM.Collect$$$$0000000D  mc_p.l(entry10a.o)
    0x080000d0   0x00000000   Code   RO          718    .ARM.Collect$$$$0000000F  mc_p.l(entry11a.o)
    0x080000d0   0x00000004   Code   RO          707    .ARM.Collect$$$$00002712  mc_p.l(entry2.o)
    0x080000d4   0x0000001c   Code   RO            4    .text               startup_stm32l051xx.o
    0x080000f0   0x000007c8   Code   RO           12    .text               main.o
    0x080008b8   0x00000160   Code   RO          201    .text               system_stm32l0xx.o
    0x08000a18   0x00000022   Code   RO          246    .text               stm32l0xx_it.o
    0x08000a3a   0x00000002   PAD
    0x08000a3c   0x000001a8   Code   RO          269    .text               stm32l0xx_hal.o
    0x08000be4   0x00000224   Code   RO          292    .text               stm32l0xx_hal_cortex.o
    0x08000e08   0x0000035c   Code   RO          315    .text               stm32l0xx_hal_gpio.o
    0x08001164   0x00000c58   Code   RO          375    .text               stm32l0xx_hal_rcc.o
    0x08001dbc   0x000016f0   Code   RO          395    .text               stm32l0xx_hal_spi.o
    0x080034ac   0x00001730   Code   RO          415    .text               stm32l0xx_hal_uart.o
    0x08004bdc   0x000002b0   Code   RO          437    .text               stm32l0xx_hal_uart_ex.o
    0x08004e8c   0x00000c2c   Code   RO          457    .text               stm32l0xx_hal_dma.o
    0x08005ab8   0x00000154   Code   RO          475    .text               schd.o
    0x08005c0c   0x0000005c   Code   RO          493    .text               globalvar.o
    0x08005c68   0x0000004c   Code   RO          516    .text               delay.o
    0x08005cb4   0x000001fc   Code   RO          539    .text               led.o
    0x08005eb0   0x00000170   Code   RO          563    .text               spi.o
    0x08006020   0x000007d0   Code   RO          587    .text               sx1276.o
    0x080067f0   0x00000208   Code   RO          614    .text               usart.o
    0x080069f8   0x00000684   Code   RO          641    .text               finger.o
    0x0800707c   0x000000ac   Code   RO          670    .text               lowpower.o
    0x08007128   0x0000002c   Code   RO          694    .text               mc_p.l(uidiv.o)
    0x08007154   0x00000028   Code   RO          696    .text               mc_p.l(idiv.o)
    0x0800717c   0x00000060   Code   RO          698    .text               mc_p.l(uldiv.o)
    0x080071dc   0x00000024   Code   RO          700    .text               mc_p.l(memcpya.o)
    0x08007200   0x00000024   Code   RO          702    .text               mc_p.l(memseta.o)
    0x08007224   0x00000020   Code   RO          720    .text               mc_p.l(llshl.o)
    0x08007244   0x00000022   Code   RO          722    .text               mc_p.l(llushr.o)
    0x08007266   0x00000002   PAD
    0x08007268   0x00000024   Code   RO          724    .text               mc_p.l(init.o)
    0x0800728c   0x00000030   Code   RO          430    i.__ARM_common_ll_muluu  stm32l0xx_hal_uart.o
    0x080072bc   0x0000001c   Code   RO           32    i.__ARM_common_switch8  main.o
    0x080072d8   0x0000000e   Code   RO          728    i.__scatterload_copy  mc_p.l(handlers.o)
    0x080072e6   0x00000002   Code   RO          729    i.__scatterload_null  mc_p.l(handlers.o)
    0x080072e8   0x0000000e   Code   RO          730    i.__scatterload_zeroinit  mc_p.l(handlers.o)
    0x080072f6   0x00000002   PAD
    0x080072f8   0x00000008   Data   RO           14    .constdata          main.o
    0x08007300   0x00000021   Data   RO          202    .constdata          system_stm32l0xx.o
    0x08007321   0x00000003   PAD
    0x08007324   0x00000024   Data   RO          541    .constdata          led.o
    0x08007348   0x0000008c   Data   RO          589    .constdata          sx1276.o
    0x080073d4   0x0000004e   Data   RO          643    .constdata          finger.o
    0x08007422   0x00000002   PAD
    0x08007424   0x00000020   Data   RO          726    Region$$Table       anon$$obj.o


    Execution Region RW_IRAM1 (Base: 0x20000000, Size: 0x00001da8, Max: 0x00002000, ABSOLUTE)

    Base Addr    Size         Type   Attr      Idx    E Section Name        Object

    0x20000000   0x0000000c   Data   RW           15    .data               main.o
    0x2000000c   0x00000004   Data   RW          203    .data               system_stm32l0xx.o
    0x20000010   0x00000004   Data   RW          270    .data               stm32l0xx_hal.o
    0x20000014   0x00000004   Data   RW          477    .data               schd.o
    0x20000018   0x00000004   Data   RW          494    .data               globalvar.o
    0x2000001c   0x00000004   Data   RW          565    .data               spi.o
    0x20000020   0x00000010   Data   RW          616    .data               usart.o
    0x20000030   0x00000010   Data   RW          644    .data               finger.o
    0x20000040   0x00000018   Data   RW          671    .data               lowpower.o
    0x20000058   0x00000306   Zero   RW           13    .bss                main.o
    0x2000035e   0x00000002   PAD
    0x20000360   0x00000500   Zero   RW          476    .bss                schd.o
    0x20000860   0x00000024   Zero   RW          540    .bss                led.o
    0x20000884   0x00000058   Zero   RW          564    .bss                spi.o
    0x200008dc   0x00000118   Zero   RW          588    .bss                sx1276.o
    0x200009f4   0x00000914   Zero   RW          615    .bss                usart.o
    0x20001308   0x0000009a   Zero   RW          642    .bss                finger.o
    0x200013a2   0x00000006   PAD
    0x200013a8   0x00000a00   Zero   RW            1    STACK               startup_stm32l051xx.o


==============================================================================

Image component sizes


      Code (inc. data)   RO Data    RW Data    ZI Data      Debug   Object Name

        76          4          0          0          0        954   delay.o
      1668         60         78         16        154       9724   finger.o
        92         14          0          4          0       1835   globalvar.o
       508         14         36          0         36       2977   led.o
       172          6          0         24          0       1668   lowpower.o
      2020        162          8         12        774     290548   main.o
       340         10          0          4       1280       2022   schd.o
       368         18          0          4         88       2262   spi.o
        28          8        192          0       2560        676   startup_stm32l051xx.o
       424         32          0          4          0       4839   stm32l0xx_hal.o
       548         24          0          0          0      11799   stm32l0xx_hal_cortex.o
      3116         18          0          0          0       5149   stm32l0xx_hal_dma.o
       860         28          0          0          0       3267   stm32l0xx_hal_gpio.o
      3160         92          0          0          0       5980   stm32l0xx_hal_rcc.o
      5872         54          0          0          0      12500   stm32l0xx_hal_spi.o
      5984         90          0          0          0      16718   stm32l0xx_hal_uart.o
       688          8          0          0          0       3390   stm32l0xx_hal_uart_ex.o
        34          0          0          0          0       1115   stm32l0xx_it.o
      2000         50        140          0        280      24200   sx1276.o
       352         38         33          4          0       1733   system_stm32l0xx.o
       520         28          0         16       2324       4096   usart.o

    ----------------------------------------------------------------------
     28832        758        524         88       7504     407452   Object Totals
         0          0         32          0          0          0   (incl. Generated)
         2          0          5          0          8          0   (incl. Padding)

    ----------------------------------------------------------------------

      Code (inc. data)   RO Data    RW Data    ZI Data      Debug   Library Member Name

         0          0          0          0          0          0   entry.o
         0          0          0          0          0          0   entry10a.o
         0          0          0          0          0          0   entry11a.o
         8          4          0          0          0          0   entry2.o
         4          0          0          0          0          0   entry5.o
         0          0          0          0          0          0   entry7b.o
         0          0          0          0          0          0   entry8b.o
         8          4          0          0          0          0   entry9a.o
        30          0          0          0          0          0   handlers.o
        40          0          0          0          0         72   idiv.o
        36          8          0          0          0         68   init.o
        32          0          0          0          0         68   llshl.o
        34          0          0          0          0         68   llushr.o
        36          0          0          0          0         60   memcpya.o
        36          0          0          0          0        100   memseta.o
        44          0          0          0          0         72   uidiv.o
        96          0          0          0          0         84   uldiv.o

    ----------------------------------------------------------------------
       408         16          0          0          0        592   Library Totals
         4          0          0          0          0          0   (incl. Padding)

    ----------------------------------------------------------------------

      Code (inc. data)   RO Data    RW Data    ZI Data      Debug   Library Name

       404         16          0          0          0        592   mc_p.l

    ----------------------------------------------------------------------
       408         16          0          0          0        592   Library Totals

    ----------------------------------------------------------------------

==============================================================================


      Code (inc. data)   RO Data    RW Data    ZI Data      Debug   

     29240        774        524         88       7504     406084   Grand Totals
     29240        774        524         88       7504     406084   ELF Image Totals
     29240        774        524         88          0          0   ROM Totals

==============================================================================

    Total RO  Size (Code + RO Data)                29764 (  29.07kB)
    Total RW  Size (RW Data + ZI Data)              7592 (   7.41kB)
    Total ROM Size (Code + RO Data + RW Data)      29852 (  29.15kB)

==============================================================================

