Component: ARM Compiler 5.05 update 1 (build 106) Tool: armlink [4d0efa]

==============================================================================

Section Cross References

    startup_stm32l051xx.o(RESET) refers to startup_stm32l051xx.o(STACK) for __initial_sp
    startup_stm32l051xx.o(RESET) refers to startup_stm32l051xx.o(.text) for Reset_Handler
    startup_stm32l051xx.o(RESET) refers to stm32l0xx_it.o(.text) for NMI_Handler
    startup_stm32l051xx.o(RESET) refers to globalvar.o(.text) for SysTick_Handler
    startup_stm32l051xx.o(RESET) refers to usart.o(.text) for USART1_IRQHandler
    startup_stm32l051xx.o(.text) refers to system_stm32l0xx.o(.text) for SystemInit
    startup_stm32l051xx.o(.text) refers to entry.o(.ARM.Collect$$$$00000000) for __main
    main.o(.text) refers to stm32l0xx_hal_rcc.o(.text) for HAL_RCC_OscConfig
    main.o(.text) refers to uidiv.o(.text) for __aeabi_uidivmod
    main.o(.text) refers to stm32l0xx_hal_cortex.o(.text) for HAL_SYSTICK_Config
    main.o(.text) refers to stm32l0xx_hal.o(.text) for HAL_Init
    main.o(.text) refers to led.o(.text) for init_led
    main.o(.text) refers to spi.o(.text) for SPIx_Init
    main.o(.text) refers to lowpower.o(.text) for init_PowerControl_Configuration
    main.o(.text) refers to usart.o(.text) for USARTConfig
    main.o(.text) refers to sx1276.o(.text) for Lora_Init
    main.o(.text) refers to finger.o(.text) for init_finger
    main.o(.text) refers to globalvar.o(.text) for timeout
    main.o(.text) refers to lock.o(.text) for test_lock
    main.o(.text) refers to stm32l0xx_hal_uart.o(.text) for HAL_UART_Receive_IT
    main.o(.text) refers to memseta.o(.text) for __aeabi_memclr4
    main.o(.text) refers to idiv.o(.text) for __aeabi_idivmod
    main.o(.text) refers to delay.o(.text) for Delay_nms
    main.o(.text) refers to main.o(i.__ARM_common_switch8) for __ARM_common_switch8
    main.o(.text) refers to main.o(.data) for runningTick
    main.o(.text) refers to usart.o(.bss) for UartHandle1
    main.o(.text) refers to finger.o(.bss) for finger
    main.o(.text) refers to main.o(.constdata) for .constdata
    main.o(.text) refers to finger.o(.data) for finger_com
    main.o(.text) refers to sx1276.o(.bss) for lora_data
    main.o(.text) refers to main.o(.bss) for up_download_finger
    main.o(.text) refers to usart.o(.data) for usart1_rx_flag
    system_stm32l0xx.o(.text) refers to uidiv.o(.text) for __aeabi_uidivmod
    system_stm32l0xx.o(.text) refers to system_stm32l0xx.o(.data) for SystemCoreClock
    system_stm32l0xx.o(.text) refers to system_stm32l0xx.o(.constdata) for PLLMulTable
    stm32l0xx_it.o(.text) refers to stm32l0xx_hal_gpio.o(.text) for HAL_GPIO_EXTI_IRQHandler
    lock.o(.text) refers to stm32l0xx_hal_gpio.o(.text) for HAL_GPIO_Init
    lock.o(.text) refers to delay.o(.text) for Delay_nms
    lock.o(.text) refers to usart.o(.text) for usart2_tx_AFGPIO_init
    stm32l0xx_hal.o(.text) refers to uidiv.o(.text) for __aeabi_uidivmod
    stm32l0xx_hal.o(.text) refers to stm32l0xx_hal_cortex.o(.text) for HAL_SYSTICK_Config
    stm32l0xx_hal.o(.text) refers to system_stm32l0xx.o(.data) for SystemCoreClock
    stm32l0xx_hal.o(.text) refers to stm32l0xx_hal.o(.data) for uwTick
    stm32l0xx_hal_gpio.o(.text) refers to main.o(.text) for HAL_GPIO_EXTI_Callback
    stm32l0xx_hal_iwdg.o(.text) refers to stm32l0xx_hal.o(.text) for HAL_GetTick
    stm32l0xx_hal_rcc.o(.text) refers to stm32l0xx_hal.o(.text) for HAL_GetTick
    stm32l0xx_hal_rcc.o(.text) refers to system_stm32l0xx.o(.data) for SystemCoreClock
    stm32l0xx_hal_rcc.o(.text) refers to system_stm32l0xx.o(.constdata) for AHBPrescTable
    stm32l0xx_hal_rcc.o(.text) refers to uidiv.o(.text) for __aeabi_uidivmod
    stm32l0xx_hal_rcc.o(.text) refers to memseta.o(.text) for __aeabi_memclr4
    stm32l0xx_hal_rcc.o(.text) refers to stm32l0xx_hal_gpio.o(.text) for HAL_GPIO_Init
    stm32l0xx_hal_spi.o(.text) refers to stm32l0xx_hal.o(.text) for HAL_GetTick
    stm32l0xx_hal_spi.o(.text) refers to stm32l0xx_hal_dma.o(.text) for HAL_DMA_Start_IT
    stm32l0xx_hal_uart.o(.text) refers to stm32l0xx_hal.o(.text) for HAL_GetTick
    stm32l0xx_hal_uart.o(.text) refers to stm32l0xx_hal_rcc.o(.text) for HAL_RCC_GetPCLK1Freq
    stm32l0xx_hal_uart.o(.text) refers to stm32l0xx_hal_uart.o(i.__ARM_common_ll_muluu) for __ARM_common_ll_muluu
    stm32l0xx_hal_uart.o(.text) refers to uldiv.o(.text) for __aeabi_uldivmod
    stm32l0xx_hal_uart.o(.text) refers to uidiv.o(.text) for __aeabi_uidivmod
    stm32l0xx_hal_uart.o(.text) refers to stm32l0xx_hal_dma.o(.text) for HAL_DMA_Start_IT
    stm32l0xx_hal_uart.o(.text) refers to main.o(.text) for HAL_UART_RxCpltCallback
    stm32l0xx_hal_uart_ex.o(.text) refers to stm32l0xx_hal_uart.o(.text) for HAL_UART_MspInit
    stm32l0xx_hal_uart_ex.o(.text) refers to stm32l0xx_hal.o(.text) for HAL_GetTick
    stm32l0xx_hal_dma.o(.text) refers to stm32l0xx_hal.o(.text) for HAL_GetTick
    schd.o(.text) refers to memcpya.o(.text) for __aeabi_memcpy4
    schd.o(.text) refers to schd.o(.bss) for _schd_items
    schd.o(.text) refers to schd.o(.data) for _schd_last_microsecond
    globalvar.o(.text) refers to stm32l0xx_hal.o(.text) for HAL_IncTick
    globalvar.o(.text) refers to schd.o(.text) for Schd_Run
    globalvar.o(.text) refers to globalvar.o(.data) for _localTimeTick_ms
    led.o(.text) refers to stm32l0xx_hal_gpio.o(.text) for HAL_GPIO_WritePin
    led.o(.text) refers to memseta.o(.text) for __aeabi_memclr4
    led.o(.text) refers to led.o(.bss) for _leds_defines
    led.o(.text) refers to led.o(.constdata) for .constdata
    spi.o(.text) refers to memseta.o(.text) for __aeabi_memclr4
    spi.o(.text) refers to stm32l0xx_hal_gpio.o(.text) for HAL_GPIO_Init
    spi.o(.text) refers to stm32l0xx_hal_spi.o(.text) for HAL_SPI_GetState
    spi.o(.text) refers to spi.o(.bss) for hnucleo_Spi
    spi.o(.text) refers to spi.o(.data) for SpixTimeout
    sx1276.o(.text) refers to stm32l0xx_hal_gpio.o(.text) for HAL_GPIO_Init
    sx1276.o(.text) refers to stm32l0xx_hal_cortex.o(.text) for HAL_NVIC_SetPriority
    sx1276.o(.text) refers to spi.o(.text) for SPIx_WriteReadData
    sx1276.o(.text) refers to sx1276.o(.bss) for lpTypefunc
    sx1276.o(.text) refers to sx1276.o(.constdata) for Freq_Table
    sx1276.o(.text) refers to globalvar.o(.text) for local_ticktime
    sx1276.o(.text) refers to idiv.o(.text) for __aeabi_idivmod
    sx1276.o(.text) refers to delay.o(.text) for Delay_nms
    sx1276.o(.text) refers to led.o(.text) for LED_TOGGLE
    sx1276.o(.constdata) refers to sx1276.o(.text) for lora_RWByte
    usart.o(.text) refers to stm32l0xx_hal_uart.o(.text) for HAL_UART_Transmit
    usart.o(.text) refers to stm32l0xx_hal_gpio.o(.text) for HAL_GPIO_Init
    usart.o(.text) refers to stm32l0xx_hal_cortex.o(.text) for HAL_NVIC_SetPriority
    usart.o(.text) refers to usart.o(.bss) for UartHandle1
    finger.o(.text) refers to stm32l0xx_hal_gpio.o(.text) for HAL_GPIO_Init
    finger.o(.text) refers to stm32l0xx_hal_cortex.o(.text) for HAL_NVIC_SetPriority
    finger.o(.text) refers to usart.o(.text) for UART_SendMsg
    finger.o(.text) refers to memseta.o(.text) for __aeabi_memclr4
    finger.o(.text) refers to finger.o(.data) for finger_com
    finger.o(.text) refers to finger.o(.constdata) for .constdata
    finger.o(.text) refers to finger.o(.bss) for finger
    finger.o(.text) refers to main.o(i.__ARM_common_switch8) for __ARM_common_switch8
    finger.o(.text) refers to main.o(.text) for search_result_callback
    finger.o(.text) refers to main.o(.bss) for up_download_finger
    lowpower.o(.text) refers to stm32l0xx_hal_gpio.o(.text) for HAL_GPIO_Init
    entry.o(.ARM.Collect$$$$00000000) refers (Special) to entry10a.o(.ARM.Collect$$$$0000000D) for __rt_final_cpp
    entry.o(.ARM.Collect$$$$00000000) refers (Special) to entry11a.o(.ARM.Collect$$$$0000000F) for __rt_final_exit
    entry.o(.ARM.Collect$$$$00000000) refers (Special) to entry7b.o(.ARM.Collect$$$$00000008) for _main_clock
    entry.o(.ARM.Collect$$$$00000000) refers (Special) to entry8b.o(.ARM.Collect$$$$0000000A) for _main_cpp_init
    entry.o(.ARM.Collect$$$$00000000) refers (Special) to entry9a.o(.ARM.Collect$$$$0000000B) for _main_init
    entry.o(.ARM.Collect$$$$00000000) refers (Special) to entry5.o(.ARM.Collect$$$$00000004) for _main_scatterload
    entry.o(.ARM.Collect$$$$00000000) refers (Special) to entry2.o(.ARM.Collect$$$$00000001) for _main_stk
    idiv.o(.text) refers to uidiv.o(.text) for __aeabi_uidivmod
    uldiv.o(.text) refers to llushr.o(.text) for __aeabi_llsr
    uldiv.o(.text) refers to llshl.o(.text) for __aeabi_llsl
    entry2.o(.ARM.Collect$$$$00000001) refers to entry2.o(.ARM.Collect$$$$00002712) for __lit__00000000
    entry2.o(.ARM.Collect$$$$00002712) refers to startup_stm32l051xx.o(STACK) for __initial_sp
    entry2.o(__vectab_stack_and_reset_area) refers to startup_stm32l051xx.o(STACK) for __initial_sp
    entry2.o(__vectab_stack_and_reset_area) refers to entry.o(.ARM.Collect$$$$00000000) for __main
    entry5.o(.ARM.Collect$$$$00000004) refers to init.o(.text) for __scatterload
    entry9a.o(.ARM.Collect$$$$0000000B) refers to main.o(.text) for main
    entry9b.o(.ARM.Collect$$$$0000000C) refers to main.o(.text) for main
    init.o(.text) refers to entry5.o(.ARM.Collect$$$$00000004) for __main_after_scatterload


==============================================================================

Removing Unused input sections from the image.

    Removing startup_stm32l051xx.o(HEAP), (1536 bytes).
    Removing main.o(.rev16_text), (4 bytes).
    Removing main.o(.revsh_text), (4 bytes).
    Removing system_stm32l0xx.o(.rev16_text), (4 bytes).
    Removing system_stm32l0xx.o(.revsh_text), (4 bytes).
    Removing stm32l0xx_it.o(.rev16_text), (4 bytes).
    Removing stm32l0xx_it.o(.revsh_text), (4 bytes).
    Removing lock.o(.rev16_text), (4 bytes).
    Removing lock.o(.revsh_text), (4 bytes).
    Removing stm32l0xx_hal.o(.rev16_text), (4 bytes).
    Removing stm32l0xx_hal.o(.revsh_text), (4 bytes).
    Removing stm32l0xx_hal_cortex.o(.rev16_text), (4 bytes).
    Removing stm32l0xx_hal_cortex.o(.revsh_text), (4 bytes).
    Removing stm32l0xx_hal_gpio.o(.rev16_text), (4 bytes).
    Removing stm32l0xx_hal_gpio.o(.revsh_text), (4 bytes).
    Removing stm32l0xx_hal_iwdg.o(.rev16_text), (4 bytes).
    Removing stm32l0xx_hal_iwdg.o(.revsh_text), (4 bytes).
    Removing stm32l0xx_hal_iwdg.o(.text), (120 bytes).
    Removing stm32l0xx_hal_pwr.o(.rev16_text), (4 bytes).
    Removing stm32l0xx_hal_pwr.o(.revsh_text), (4 bytes).
    Removing stm32l0xx_hal_pwr.o(.text), (532 bytes).
    Removing stm32l0xx_hal_rcc.o(.rev16_text), (4 bytes).
    Removing stm32l0xx_hal_rcc.o(.revsh_text), (4 bytes).
    Removing stm32l0xx_hal_spi.o(.rev16_text), (4 bytes).
    Removing stm32l0xx_hal_spi.o(.revsh_text), (4 bytes).
    Removing stm32l0xx_hal_uart.o(.rev16_text), (4 bytes).
    Removing stm32l0xx_hal_uart.o(.revsh_text), (4 bytes).
    Removing stm32l0xx_hal_uart_ex.o(.rev16_text), (4 bytes).
    Removing stm32l0xx_hal_uart_ex.o(.revsh_text), (4 bytes).
    Removing stm32l0xx_hal_uart_ex.o(.text), (688 bytes).
    Removing stm32l0xx_hal_dma.o(.rev16_text), (4 bytes).
    Removing stm32l0xx_hal_dma.o(.revsh_text), (4 bytes).
    Removing globalvar.o(.rev16_text), (4 bytes).
    Removing globalvar.o(.revsh_text), (4 bytes).
    Removing delay.o(.rev16_text), (4 bytes).
    Removing delay.o(.revsh_text), (4 bytes).
    Removing led.o(.rev16_text), (4 bytes).
    Removing led.o(.revsh_text), (4 bytes).
    Removing spi.o(.rev16_text), (4 bytes).
    Removing spi.o(.revsh_text), (4 bytes).
    Removing sx1276.o(.rev16_text), (4 bytes).
    Removing sx1276.o(.revsh_text), (4 bytes).
    Removing usart.o(.rev16_text), (4 bytes).
    Removing usart.o(.revsh_text), (4 bytes).
    Removing finger.o(.rev16_text), (4 bytes).
    Removing finger.o(.revsh_text), (4 bytes).
    Removing lowpower.o(.rev16_text), (4 bytes).
    Removing lowpower.o(.revsh_text), (4 bytes).

48 unused section(s) (total 3052 bytes) removed from the image.

==============================================================================

Image Symbol Table

    Local Symbols

    Symbol Name                              Value     Ov Type        Size  Object(Section)

    ../clib/microlib/division.c              0x00000000   Number         0  uidiv.o ABSOLUTE
    ../clib/microlib/division.c              0x00000000   Number         0  idiv.o ABSOLUTE
    ../clib/microlib/division.c              0x00000000   Number         0  uldiv.o ABSOLUTE
    ../clib/microlib/init/entry.s            0x00000000   Number         0  entry10a.o ABSOLUTE
    ../clib/microlib/init/entry.s            0x00000000   Number         0  entry8a.o ABSOLUTE
    ../clib/microlib/init/entry.s            0x00000000   Number         0  entry7b.o ABSOLUTE
    ../clib/microlib/init/entry.s            0x00000000   Number         0  entry.o ABSOLUTE
    ../clib/microlib/init/entry.s            0x00000000   Number         0  entry7a.o ABSOLUTE
    ../clib/microlib/init/entry.s            0x00000000   Number         0  entry5.o ABSOLUTE
    ../clib/microlib/init/entry.s            0x00000000   Number         0  entry2.o ABSOLUTE
    ../clib/microlib/init/entry.s            0x00000000   Number         0  entry8b.o ABSOLUTE
    ../clib/microlib/init/entry.s            0x00000000   Number         0  entry9a.o ABSOLUTE
    ../clib/microlib/init/entry.s            0x00000000   Number         0  entry9b.o ABSOLUTE
    ../clib/microlib/init/entry.s            0x00000000   Number         0  entry10b.o ABSOLUTE
    ../clib/microlib/init/entry.s            0x00000000   Number         0  entry11b.o ABSOLUTE
    ../clib/microlib/init/entry.s            0x00000000   Number         0  entry11a.o ABSOLUTE
    ../clib/microlib/longlong.c              0x00000000   Number         0  llushr.o ABSOLUTE
    ../clib/microlib/longlong.c              0x00000000   Number         0  llshl.o ABSOLUTE
    ../clib/microlib/string/memcpy.c         0x00000000   Number         0  memcpya.o ABSOLUTE
    ../clib/microlib/string/memcpy.c         0x00000000   Number         0  memcpyb.o ABSOLUTE
    ../clib/microlib/string/memset.c         0x00000000   Number         0  memseta.o ABSOLUTE
    app\\src\\GlobalVar.c                    0x00000000   Number         0  globalvar.o ABSOLUTE
    app\src\GlobalVar.c                      0x00000000   Number         0  globalvar.o ABSOLUTE
    app\src\schd.c                           0x00000000   Number         0  schd.o ABSOLUTE
    dc.s                                     0x00000000   Number         0  dc.o ABSOLUTE
    drivers\\src\\SPI.c                      0x00000000   Number         0  spi.o ABSOLUTE
    drivers\\src\\SX1276.C                   0x00000000   Number         0  sx1276.o ABSOLUTE
    drivers\\src\\delay.c                    0x00000000   Number         0  delay.o ABSOLUTE
    drivers\\src\\finger.c                   0x00000000   Number         0  finger.o ABSOLUTE
    drivers\\src\\led.c                      0x00000000   Number         0  led.o ABSOLUTE
    drivers\\src\\lowpower.c                 0x00000000   Number         0  lowpower.o ABSOLUTE
    drivers\\src\\usart.c                    0x00000000   Number         0  usart.o ABSOLUTE
    drivers\src\SPI.c                        0x00000000   Number         0  spi.o ABSOLUTE
    drivers\src\SX1276.C                     0x00000000   Number         0  sx1276.o ABSOLUTE
    drivers\src\delay.c                      0x00000000   Number         0  delay.o ABSOLUTE
    drivers\src\finger.c                     0x00000000   Number         0  finger.o ABSOLUTE
    drivers\src\led.c                        0x00000000   Number         0  led.o ABSOLUTE
    drivers\src\lowpower.c                   0x00000000   Number         0  lowpower.o ABSOLUTE
    drivers\src\usart.c                      0x00000000   Number         0  usart.o ABSOLUTE
    handlers.s                               0x00000000   Number         0  handlers.o ABSOLUTE
    init.s                                   0x00000000   Number         0  init.o ABSOLUTE
    library\CMSIS\startup_stm32l051xx.s      0x00000000   Number         0  startup_stm32l051xx.o ABSOLUTE
    library\CMSIS\system_stm32l0xx.c         0x00000000   Number         0  system_stm32l0xx.o ABSOLUTE
    library\Src\stm32l0xx_hal.c              0x00000000   Number         0  stm32l0xx_hal.o ABSOLUTE
    library\Src\stm32l0xx_hal_cortex.c       0x00000000   Number         0  stm32l0xx_hal_cortex.o ABSOLUTE
    library\Src\stm32l0xx_hal_dma.c          0x00000000   Number         0  stm32l0xx_hal_dma.o ABSOLUTE
    library\Src\stm32l0xx_hal_gpio.c         0x00000000   Number         0  stm32l0xx_hal_gpio.o ABSOLUTE
    library\Src\stm32l0xx_hal_iwdg.c         0x00000000   Number         0  stm32l0xx_hal_iwdg.o ABSOLUTE
    library\Src\stm32l0xx_hal_pwr.c          0x00000000   Number         0  stm32l0xx_hal_pwr.o ABSOLUTE
    library\Src\stm32l0xx_hal_rcc.c          0x00000000   Number         0  stm32l0xx_hal_rcc.o ABSOLUTE
    library\Src\stm32l0xx_hal_spi.c          0x00000000   Number         0  stm32l0xx_hal_spi.o ABSOLUTE
    library\Src\stm32l0xx_hal_uart.c         0x00000000   Number         0  stm32l0xx_hal_uart.o ABSOLUTE
    library\Src\stm32l0xx_hal_uart_ex.c      0x00000000   Number         0  stm32l0xx_hal_uart_ex.o ABSOLUTE
    library\\CMSIS\\system_stm32l0xx.c       0x00000000   Number         0  system_stm32l0xx.o ABSOLUTE
    library\\Src\\stm32l0xx_hal.c            0x00000000   Number         0  stm32l0xx_hal.o ABSOLUTE
    library\\Src\\stm32l0xx_hal_cortex.c     0x00000000   Number         0  stm32l0xx_hal_cortex.o ABSOLUTE
    library\\Src\\stm32l0xx_hal_dma.c        0x00000000   Number         0  stm32l0xx_hal_dma.o ABSOLUTE
    library\\Src\\stm32l0xx_hal_gpio.c       0x00000000   Number         0  stm32l0xx_hal_gpio.o ABSOLUTE
    library\\Src\\stm32l0xx_hal_iwdg.c       0x00000000   Number         0  stm32l0xx_hal_iwdg.o ABSOLUTE
    library\\Src\\stm32l0xx_hal_pwr.c        0x00000000   Number         0  stm32l0xx_hal_pwr.o ABSOLUTE
    library\\Src\\stm32l0xx_hal_rcc.c        0x00000000   Number         0  stm32l0xx_hal_rcc.o ABSOLUTE
    library\\Src\\stm32l0xx_hal_spi.c        0x00000000   Number         0  stm32l0xx_hal_spi.o ABSOLUTE
    library\\Src\\stm32l0xx_hal_uart.c       0x00000000   Number         0  stm32l0xx_hal_uart.o ABSOLUTE
    library\\Src\\stm32l0xx_hal_uart_ex.c    0x00000000   Number         0  stm32l0xx_hal_uart_ex.o ABSOLUTE
    user\\lock.c                             0x00000000   Number         0  lock.o ABSOLUTE
    user\\main.c                             0x00000000   Number         0  main.o ABSOLUTE
    user\\stm32l0xx_it.c                     0x00000000   Number         0  stm32l0xx_it.o ABSOLUTE
    user\lock.c                              0x00000000   Number         0  lock.o ABSOLUTE
    user\main.c                              0x00000000   Number         0  main.o ABSOLUTE
    user\stm32l0xx_it.c                      0x00000000   Number         0  stm32l0xx_it.o ABSOLUTE
    RESET                                    0x08000000   Section      192  startup_stm32l051xx.o(RESET)
    .ARM.Collect$$$$00000000                 0x080000c0   Section        0  entry.o(.ARM.Collect$$$$00000000)
    .ARM.Collect$$$$00000001                 0x080000c0   Section        4  entry2.o(.ARM.Collect$$$$00000001)
    .ARM.Collect$$$$00000004                 0x080000c4   Section        4  entry5.o(.ARM.Collect$$$$00000004)
    .ARM.Collect$$$$00000008                 0x080000c8   Section        0  entry7b.o(.ARM.Collect$$$$00000008)
    .ARM.Collect$$$$0000000A                 0x080000c8   Section        0  entry8b.o(.ARM.Collect$$$$0000000A)
    .ARM.Collect$$$$0000000B                 0x080000c8   Section        8  entry9a.o(.ARM.Collect$$$$0000000B)
    .ARM.Collect$$$$0000000D                 0x080000d0   Section        0  entry10a.o(.ARM.Collect$$$$0000000D)
    .ARM.Collect$$$$0000000F                 0x080000d0   Section        0  entry11a.o(.ARM.Collect$$$$0000000F)
    .ARM.Collect$$$$00002712                 0x080000d0   Section        4  entry2.o(.ARM.Collect$$$$00002712)
    __lit__00000000                          0x080000d0   Data           4  entry2.o(.ARM.Collect$$$$00002712)
    .text                                    0x080000d4   Section       28  startup_stm32l051xx.o(.text)
    .text                                    0x080000f0   Section        0  main.o(.text)
    .text                                    0x08000808   Section        0  system_stm32l0xx.o(.text)
    .text                                    0x08000968   Section        0  stm32l0xx_it.o(.text)
    .text                                    0x0800098c   Section        0  lock.o(.text)
    .text                                    0x08000a50   Section        0  stm32l0xx_hal.o(.text)
    .text                                    0x08000bf8   Section        0  stm32l0xx_hal_cortex.o(.text)
    NVIC_SetPriority                         0x08000bf9   Thumb Code   110  stm32l0xx_hal_cortex.o(.text)
    .text                                    0x08000e1c   Section        0  stm32l0xx_hal_gpio.o(.text)
    .text                                    0x08001178   Section        0  stm32l0xx_hal_rcc.o(.text)
    RCC_SetFlashLatencyFromMSIRange          0x080011ef   Thumb Code   138  stm32l0xx_hal_rcc.o(.text)
    .text                                    0x08001dd0   Section        0  stm32l0xx_hal_spi.o(.text)
    SPI_WaitOnFlagUntilTimeout               0x08001e9d   Thumb Code   280  stm32l0xx_hal_spi.o(.text)
    SPI_TxCloseIRQHandler                    0x08002773   Thumb Code   170  stm32l0xx_hal_spi.o(.text)
    SPI_TxISR                                0x0800281d   Thumb Code    80  stm32l0xx_hal_spi.o(.text)
    SPI_RxCloseIRQHandler                    0x0800293f   Thumb Code   264  stm32l0xx_hal_spi.o(.text)
    SPI_2LinesRxISR                          0x08002a47   Thumb Code    60  stm32l0xx_hal_spi.o(.text)
    SPI_RxISR                                0x08002b4d   Thumb Code    88  stm32l0xx_hal_spi.o(.text)
    SPI_DMAError                             0x08002c9d   Thumb Code    34  stm32l0xx_hal_spi.o(.text)
    SPI_DMATransmitCplt                      0x08002cbf   Thumb Code   134  stm32l0xx_hal_spi.o(.text)
    SPI_DMAHalfTransmitCplt                  0x08002d47   Thumb Code    14  stm32l0xx_hal_spi.o(.text)
    SPI_DMAReceiveCplt                       0x08002e57   Thumb Code   226  stm32l0xx_hal_spi.o(.text)
    SPI_DMAHalfReceiveCplt                   0x08002f3b   Thumb Code    14  stm32l0xx_hal_spi.o(.text)
    SPI_DMATransmitReceiveCplt               0x08002f49   Thumb Code   226  stm32l0xx_hal_spi.o(.text)
    SPI_DMAHalfTransmitReceiveCplt           0x0800302d   Thumb Code    14  stm32l0xx_hal_spi.o(.text)
    .text                                    0x080034c0   Section        0  stm32l0xx_hal_uart.o(.text)
    UART_EndRxTransfer                       0x08003fad   Thumb Code    34  stm32l0xx_hal_uart.o(.text)
    UART_EndTxTransfer                       0x08003fcf   Thumb Code    20  stm32l0xx_hal_uart.o(.text)
    UART_DMAError                            0x08003fe3   Thumb Code    86  stm32l0xx_hal_uart.o(.text)
    UART_DMATxHalfCplt                       0x0800403b   Thumb Code    14  stm32l0xx_hal_uart.o(.text)
    UART_DMATransmitCplt                     0x0800404b   Thumb Code    58  stm32l0xx_hal_uart.o(.text)
    UART_DMARxHalfCplt                       0x08004135   Thumb Code    14  stm32l0xx_hal_uart.o(.text)
    UART_DMAReceiveCplt                      0x08004145   Thumb Code    94  stm32l0xx_hal_uart.o(.text)
    UART_DMARxAbortCallback                  0x080044e7   Thumb Code    68  stm32l0xx_hal_uart.o(.text)
    UART_DMATxAbortCallback                  0x0800452b   Thumb Code    68  stm32l0xx_hal_uart.o(.text)
    UART_DMATxOnlyAbortCallback              0x08004673   Thumb Code    26  stm32l0xx_hal_uart.o(.text)
    UART_DMARxOnlyAbortCallback              0x080046fd   Thumb Code    32  stm32l0xx_hal_uart.o(.text)
    UART_DMAAbortOnError                     0x080047a5   Thumb Code    24  stm32l0xx_hal_uart.o(.text)
    UART_Receive_IT                          0x080047bd   Thumb Code   150  stm32l0xx_hal_uart.o(.text)
    UART_Transmit_IT                         0x08004b5f   Thumb Code   114  stm32l0xx_hal_uart.o(.text)
    UART_EndTransmit_IT                      0x08004bd1   Thumb Code    32  stm32l0xx_hal_uart.o(.text)
    .text                                    0x08004bf0   Section        0  stm32l0xx_hal_dma.o(.text)
    DMA_SetConfig                            0x08005015   Thumb Code    32  stm32l0xx_hal_dma.o(.text)
    .text                                    0x0800581c   Section        0  schd.o(.text)
    .text                                    0x08005970   Section        0  globalvar.o(.text)
    .text                                    0x080059cc   Section        0  delay.o(.text)
    .text                                    0x08005a18   Section        0  led.o(.text)
    LED_Configuration                        0x08005a7d   Thumb Code   164  led.o(.text)
    .text                                    0x08005b70   Section        0  spi.o(.text)
    SPIx_MspInit                             0x08005b71   Thumb Code   152  spi.o(.text)
    .text                                    0x08005ce0   Section        0  sx1276.o(.text)
    Lora_GPIO_Config                         0x08005ce1   Thumb Code   140  sx1276.o(.text)
    Delay1s                                  0x08005d81   Thumb Code    26  sx1276.o(.text)
    SX1276LORA_INT                           0x080061b1   Thumb Code    88  sx1276.o(.text)
    lora_tx_with_timeout                     0x080062e3   Thumb Code    62  sx1276.o(.text)
    .text                                    0x080064b0   Section        0  usart.o(.text)
    .text                                    0x0800669c   Section        0  finger.o(.text)
    .text                                    0x08006db0   Section        0  lowpower.o(.text)
    .text                                    0x08006e00   Section        0  uidiv.o(.text)
    .text                                    0x08006e2c   Section        0  idiv.o(.text)
    .text                                    0x08006e54   Section        0  uldiv.o(.text)
    .text                                    0x08006eb4   Section        0  memcpya.o(.text)
    .text                                    0x08006ed8   Section        0  memseta.o(.text)
    .text                                    0x08006efc   Section        0  llshl.o(.text)
    .text                                    0x08006f1c   Section        0  llushr.o(.text)
    .text                                    0x08006f40   Section       36  init.o(.text)
    i.__ARM_common_ll_muluu                  0x08006f64   Section        0  stm32l0xx_hal_uart.o(i.__ARM_common_ll_muluu)
    i.__ARM_common_switch8                   0x08006f94   Section        0  main.o(i.__ARM_common_switch8)
    i.__scatterload_copy                     0x08006fb0   Section       14  handlers.o(i.__scatterload_copy)
    i.__scatterload_null                     0x08006fbe   Section        2  handlers.o(i.__scatterload_null)
    i.__scatterload_zeroinit                 0x08006fc0   Section       14  handlers.o(i.__scatterload_zeroinit)
    .constdata                               0x08006fd0   Section        4  main.o(.constdata)
    .constdata                               0x08006fd4   Section       33  system_stm32l0xx.o(.constdata)
    .constdata                               0x08006ff8   Section       12  led.o(.constdata)
    .constdata                               0x08007004   Section      140  sx1276.o(.constdata)
    Freq_Table                               0x0800700c   Data          96  sx1276.o(.constdata)
    LoRa_DataRate_Table                      0x0800706c   Data          18  sx1276.o(.constdata)
    .constdata                               0x08007090   Section       78  finger.o(.constdata)
    .data                                    0x20000000   Section       12  main.o(.data)
    ledStatus                                0x20000002   Data           1  main.o(.data)
    runningTick                              0x20000004   Data           4  main.o(.data)
    lock_tickTime                            0x20000008   Data           4  main.o(.data)
    .data                                    0x2000000c   Section        4  system_stm32l0xx.o(.data)
    .data                                    0x20000010   Section        4  stm32l0xx_hal.o(.data)
    .data                                    0x20000014   Section        4  schd.o(.data)
    .data                                    0x20000018   Section        4  globalvar.o(.data)
    .data                                    0x2000001c   Section        4  spi.o(.data)
    .data                                    0x20000020   Section       16  usart.o(.data)
    .data                                    0x20000030   Section       16  finger.o(.data)
    .bss                                     0x20000040   Section      404  main.o(.bss)
    .bss                                     0x200001d4   Section     1280  schd.o(.bss)
    .bss                                     0x200006d4   Section       24  led.o(.bss)
    .bss                                     0x200006ec   Section       88  spi.o(.bss)
    .bss                                     0x20000744   Section      280  sx1276.o(.bss)
    .bss                                     0x2000085c   Section     1394  usart.o(.bss)
    .bss                                     0x20000dce   Section      154  finger.o(.bss)
    STACK                                    0x20000e68   Section     2560  startup_stm32l051xx.o(STACK)

    Global Symbols

    Symbol Name                              Value     Ov Type        Size  Object(Section)

    BuildAttributes$$THM_ISAv3M$S$PE$A:L22$X:L11$S22$IEEE1$IW$USESV6$~STKCKD$USESV7$~SHL$OSPACE$EBA8$MICROLIB$REQ8$PRES8$EABIv2 0x00000000   Number         0  anon$$obj.o ABSOLUTE
    __ARM_use_no_argv                        0x00000000   Number         0  main.o ABSOLUTE
    __cpp_initialize__aeabi_                  - Undefined Weak Reference
    __cxa_finalize                            - Undefined Weak Reference
    __decompress                              - Undefined Weak Reference
    _clock_init                               - Undefined Weak Reference
    _microlib_exit                            - Undefined Weak Reference
    __Vectors_Size                           0x000000c0   Number         0  startup_stm32l051xx.o ABSOLUTE
    __Vectors                                0x08000000   Data           4  startup_stm32l051xx.o(RESET)
    __Vectors_End                            0x080000c0   Data           0  startup_stm32l051xx.o(RESET)
    __main                                   0x080000c1   Thumb Code     0  entry.o(.ARM.Collect$$$$00000000)
    _main_stk                                0x080000c1   Thumb Code     0  entry2.o(.ARM.Collect$$$$00000001)
    _main_scatterload                        0x080000c5   Thumb Code     0  entry5.o(.ARM.Collect$$$$00000004)
    __main_after_scatterload                 0x080000c9   Thumb Code     0  entry5.o(.ARM.Collect$$$$00000004)
    _main_clock                              0x080000c9   Thumb Code     0  entry7b.o(.ARM.Collect$$$$00000008)
    _main_cpp_init                           0x080000c9   Thumb Code     0  entry8b.o(.ARM.Collect$$$$0000000A)
    _main_init                               0x080000c9   Thumb Code     0  entry9a.o(.ARM.Collect$$$$0000000B)
    __rt_final_cpp                           0x080000d1   Thumb Code     0  entry10a.o(.ARM.Collect$$$$0000000D)
    __rt_final_exit                          0x080000d1   Thumb Code     0  entry11a.o(.ARM.Collect$$$$0000000F)
    Reset_Handler                            0x080000d5   Thumb Code     8  startup_stm32l051xx.o(.text)
    ADC1_COMP_IRQHandler                     0x080000e7   Thumb Code     0  startup_stm32l051xx.o(.text)
    DMA1_Channel1_IRQHandler                 0x080000e7   Thumb Code     0  startup_stm32l051xx.o(.text)
    DMA1_Channel2_3_IRQHandler               0x080000e7   Thumb Code     0  startup_stm32l051xx.o(.text)
    DMA1_Channel4_5_6_7_IRQHandler           0x080000e7   Thumb Code     0  startup_stm32l051xx.o(.text)
    EXTI2_3_IRQHandler                       0x080000e7   Thumb Code     0  startup_stm32l051xx.o(.text)
    FLASH_IRQHandler                         0x080000e7   Thumb Code     0  startup_stm32l051xx.o(.text)
    I2C1_IRQHandler                          0x080000e7   Thumb Code     0  startup_stm32l051xx.o(.text)
    I2C2_IRQHandler                          0x080000e7   Thumb Code     0  startup_stm32l051xx.o(.text)
    LPTIM1_IRQHandler                        0x080000e7   Thumb Code     0  startup_stm32l051xx.o(.text)
    LPUART1_IRQHandler                       0x080000e7   Thumb Code     0  startup_stm32l051xx.o(.text)
    PVD_IRQHandler                           0x080000e7   Thumb Code     0  startup_stm32l051xx.o(.text)
    RCC_IRQHandler                           0x080000e7   Thumb Code     0  startup_stm32l051xx.o(.text)
    RTC_IRQHandler                           0x080000e7   Thumb Code     0  startup_stm32l051xx.o(.text)
    SPI1_IRQHandler                          0x080000e7   Thumb Code     0  startup_stm32l051xx.o(.text)
    SPI2_IRQHandler                          0x080000e7   Thumb Code     0  startup_stm32l051xx.o(.text)
    TIM21_IRQHandler                         0x080000e7   Thumb Code     0  startup_stm32l051xx.o(.text)
    TIM22_IRQHandler                         0x080000e7   Thumb Code     0  startup_stm32l051xx.o(.text)
    TIM2_IRQHandler                          0x080000e7   Thumb Code     0  startup_stm32l051xx.o(.text)
    TIM6_IRQHandler                          0x080000e7   Thumb Code     0  startup_stm32l051xx.o(.text)
    WWDG_IRQHandler                          0x080000e7   Thumb Code     0  startup_stm32l051xx.o(.text)
    SystemClock_Config                       0x080000f1   Thumb Code   124  main.o(.text)
    initDrivers                              0x0800016d   Thumb Code    44  main.o(.text)
    flash_running_led                        0x08000199   Thumb Code    66  main.o(.text)
    _lock_unit_test                          0x080001db   Thumb Code    30  main.o(.text)
    process_fingerRxBuffer                   0x080001f9   Thumb Code   282  main.o(.text)
    _buf_send_to_server                      0x08000313   Thumb Code   148  main.o(.text)
    server_send                              0x080003a7   Thumb Code   114  main.o(.text)
    proces_lockUnitRxBuffer                  0x08000419   Thumb Code    50  main.o(.text)
    finger_cmd_wait_timeOut                  0x0800044b   Thumb Code    38  main.o(.text)
    finger_OpSta                             0x08000471   Thumb Code   218  main.o(.text)
    process_serverRxBuffer                   0x0800054b   Thumb Code   310  main.o(.text)
    main                                     0x08000681   Thumb Code   130  main.o(.text)
    HAL_GPIO_EXTI_Callback                   0x08000703   Thumb Code    50  main.o(.text)
    HAL_UART_RxCpltCallback                  0x08000735   Thumb Code    50  main.o(.text)
    HAL_UARTEx_WakeupCallback                0x08000767   Thumb Code     2  main.o(.text)
    finger_module_upper_callBack             0x08000769   Thumb Code    30  main.o(.text)
    register_down_success_callback           0x08000787   Thumb Code    18  main.o(.text)
    downchar_callback                        0x08000799   Thumb Code    18  main.o(.text)
    search_result_callback                   0x080007ab   Thumb Code    40  main.o(.text)
    SystemInit                               0x08000809   Thumb Code    88  system_stm32l0xx.o(.text)
    SystemCoreClockUpdate                    0x08000861   Thumb Code   226  system_stm32l0xx.o(.text)
    NMI_Handler                              0x08000969   Thumb Code     2  stm32l0xx_it.o(.text)
    HardFault_Handler                        0x0800096b   Thumb Code     4  stm32l0xx_it.o(.text)
    SVC_Handler                              0x0800096f   Thumb Code     2  stm32l0xx_it.o(.text)
    DebugMon_Handler                         0x08000971   Thumb Code     2  stm32l0xx_it.o(.text)
    PendSV_Handler                           0x08000973   Thumb Code     2  stm32l0xx_it.o(.text)
    EXTI4_15_IRQHandler                      0x08000975   Thumb Code    12  stm32l0xx_it.o(.text)
    EXTI0_1_IRQHandler                       0x08000981   Thumb Code    10  stm32l0xx_it.o(.text)
    usart2_tx_gpio_init                      0x0800098d   Thumb Code    32  lock.o(.text)
    send_cmd_to_lock                         0x080009ad   Thumb Code   134  lock.o(.text)
    process_lock_unit                        0x08000a33   Thumb Code     6  lock.o(.text)
    test_lock                                0x08000a39   Thumb Code    18  lock.o(.text)
    HAL_MspInit                              0x08000a51   Thumb Code     2  stm32l0xx_hal.o(.text)
    HAL_InitTick                             0x08000a53   Thumb Code    36  stm32l0xx_hal.o(.text)
    HAL_Init                                 0x08000a77   Thumb Code    40  stm32l0xx_hal.o(.text)
    HAL_MspDeInit                            0x08000a9f   Thumb Code     2  stm32l0xx_hal.o(.text)
    HAL_DeInit                               0x08000aa1   Thumb Code    46  stm32l0xx_hal.o(.text)
    HAL_IncTick                              0x08000acf   Thumb Code    12  stm32l0xx_hal.o(.text)
    HAL_GetTick                              0x08000adb   Thumb Code     6  stm32l0xx_hal.o(.text)
    HAL_Delay                                0x08000ae1   Thumb Code    26  stm32l0xx_hal.o(.text)
    HAL_SuspendTick                          0x08000afb   Thumb Code    14  stm32l0xx_hal.o(.text)
    HAL_ResumeTick                           0x08000b09   Thumb Code    14  stm32l0xx_hal.o(.text)
    HAL_GetHalVersion                        0x08000b17   Thumb Code     4  stm32l0xx_hal.o(.text)
    HAL_GetREVID                             0x08000b1b   Thumb Code     8  stm32l0xx_hal.o(.text)
    HAL_GetDEVID                             0x08000b23   Thumb Code    10  stm32l0xx_hal.o(.text)
    HAL_DBGMCU_EnableDBGSleepMode            0x08000b2d   Thumb Code    14  stm32l0xx_hal.o(.text)
    HAL_DBGMCU_DisableDBGSleepMode           0x08000b3b   Thumb Code    14  stm32l0xx_hal.o(.text)
    HAL_DBGMCU_EnableDBGStopMode             0x08000b49   Thumb Code    14  stm32l0xx_hal.o(.text)
    HAL_DBGMCU_DisableDBGStopMode            0x08000b57   Thumb Code    14  stm32l0xx_hal.o(.text)
    HAL_DBGMCU_EnableDBGStandbyMode          0x08000b65   Thumb Code    14  stm32l0xx_hal.o(.text)
    HAL_DBGMCU_DisableDBGStandbyMode         0x08000b73   Thumb Code    14  stm32l0xx_hal.o(.text)
    HAL_DBGMCU_DBG_EnableLowPowerConfig      0x08000b81   Thumb Code    12  stm32l0xx_hal.o(.text)
    HAL_DBGMCU_DBG_DisableLowPowerConfig     0x08000b8d   Thumb Code    12  stm32l0xx_hal.o(.text)
    HAL_SYSCFG_GetBootMode                   0x08000b99   Thumb Code    12  stm32l0xx_hal.o(.text)
    HAL_SYSCFG_VREFINT_OutputSelect          0x08000ba5   Thumb Code    22  stm32l0xx_hal.o(.text)
    HAL_SYSCFG_Enable_Lock_VREFINT           0x08000bbb   Thumb Code    16  stm32l0xx_hal.o(.text)
    HAL_SYSCFG_Disable_Lock_VREFINT          0x08000bcb   Thumb Code    14  stm32l0xx_hal.o(.text)
    HAL_NVIC_SetPriority                     0x08000c67   Thumb Code    18  stm32l0xx_hal_cortex.o(.text)
    HAL_NVIC_EnableIRQ                       0x08000c79   Thumb Code    18  stm32l0xx_hal_cortex.o(.text)
    HAL_NVIC_DisableIRQ                      0x08000c8b   Thumb Code    20  stm32l0xx_hal_cortex.o(.text)
    HAL_NVIC_SystemReset                     0x08000c9f   Thumb Code    50  stm32l0xx_hal_cortex.o(.text)
    HAL_SYSTICK_Config                       0x08000cd1   Thumb Code    46  stm32l0xx_hal_cortex.o(.text)
    HAL_NVIC_GetPriority                     0x08000cff   Thumb Code    62  stm32l0xx_hal_cortex.o(.text)
    HAL_NVIC_SetPendingIRQ                   0x08000d3d   Thumb Code    18  stm32l0xx_hal_cortex.o(.text)
    HAL_NVIC_GetPendingIRQ                   0x08000d4f   Thumb Code    34  stm32l0xx_hal_cortex.o(.text)
    HAL_NVIC_ClearPendingIRQ                 0x08000d71   Thumb Code    20  stm32l0xx_hal_cortex.o(.text)
    HAL_SYSTICK_CLKSourceConfig              0x08000d85   Thumb Code    32  stm32l0xx_hal_cortex.o(.text)
    HAL_SYSTICK_Callback                     0x08000da5   Thumb Code     2  stm32l0xx_hal_cortex.o(.text)
    HAL_SYSTICK_IRQHandler                   0x08000da7   Thumb Code     8  stm32l0xx_hal_cortex.o(.text)
    HAL_MPU_ConfigRegion                     0x08000daf   Thumb Code    86  stm32l0xx_hal_cortex.o(.text)
    HAL_GPIO_Init                            0x08000e1d   Thumb Code   462  stm32l0xx_hal_gpio.o(.text)
    HAL_GPIO_DeInit                          0x08000feb   Thumb Code   254  stm32l0xx_hal_gpio.o(.text)
    HAL_GPIO_ReadPin                         0x080010e9   Thumb Code    18  stm32l0xx_hal_gpio.o(.text)
    HAL_GPIO_WritePin                        0x080010fb   Thumb Code    12  stm32l0xx_hal_gpio.o(.text)
    HAL_GPIO_TogglePin                       0x08001107   Thumb Code     8  stm32l0xx_hal_gpio.o(.text)
    HAL_GPIO_LockPin                         0x0800110f   Thumb Code    50  stm32l0xx_hal_gpio.o(.text)
    HAL_GPIO_EXTI_IRQHandler                 0x08001143   Thumb Code    26  stm32l0xx_hal_gpio.o(.text)
    HAL_RCC_DeInit                           0x08001179   Thumb Code   118  stm32l0xx_hal_rcc.o(.text)
    HAL_RCC_OscConfig                        0x08001279   Thumb Code  1572  stm32l0xx_hal_rcc.o(.text)
    HAL_RCC_GetSysClockFreq                  0x0800189d   Thumb Code   236  stm32l0xx_hal_rcc.o(.text)
    HAL_RCC_ClockConfig                      0x08001989   Thumb Code   482  stm32l0xx_hal_rcc.o(.text)
    HAL_RCC_MCOConfig                        0x08001b6b   Thumb Code   154  stm32l0xx_hal_rcc.o(.text)
    HAL_RCC_EnableCSS                        0x08001c05   Thumb Code    16  stm32l0xx_hal_rcc.o(.text)
    HAL_RCC_GetHCLKFreq                      0x08001c15   Thumb Code     6  stm32l0xx_hal_rcc.o(.text)
    HAL_RCC_GetPCLK1Freq                     0x08001c1b   Thumb Code    26  stm32l0xx_hal_rcc.o(.text)
    HAL_RCC_GetPCLK2Freq                     0x08001c35   Thumb Code    26  stm32l0xx_hal_rcc.o(.text)
    HAL_RCC_GetOscConfig                     0x08001c4f   Thumb Code   262  stm32l0xx_hal_rcc.o(.text)
    HAL_RCC_GetClockConfig                   0x08001d55   Thumb Code    86  stm32l0xx_hal_rcc.o(.text)
    HAL_RCC_CSSCallback                      0x08001dab   Thumb Code     2  stm32l0xx_hal_rcc.o(.text)
    HAL_RCC_NMI_IRQHandler                   0x08001dad   Thumb Code    30  stm32l0xx_hal_rcc.o(.text)
    HAL_SPI_MspInit                          0x08001dd1   Thumb Code     2  stm32l0xx_hal_spi.o(.text)
    HAL_SPI_Init                             0x08001dd3   Thumb Code   142  stm32l0xx_hal_spi.o(.text)
    HAL_SPI_MspDeInit                        0x08001e61   Thumb Code     2  stm32l0xx_hal_spi.o(.text)
    HAL_SPI_DeInit                           0x08001e63   Thumb Code    58  stm32l0xx_hal_spi.o(.text)
    HAL_SPI_Transmit                         0x08001fb5   Thumb Code   474  stm32l0xx_hal_spi.o(.text)
    HAL_SPI_TransmitReceive                  0x0800218f   Thumb Code   894  stm32l0xx_hal_spi.o(.text)
    HAL_SPI_Receive                          0x0800250d   Thumb Code   608  stm32l0xx_hal_spi.o(.text)
    HAL_SPI_ErrorCallback                    0x0800276d   Thumb Code     2  stm32l0xx_hal_spi.o(.text)
    HAL_SPI_TxCpltCallback                   0x0800276f   Thumb Code     2  stm32l0xx_hal_spi.o(.text)
    HAL_SPI_TxRxCpltCallback                 0x08002771   Thumb Code     2  stm32l0xx_hal_spi.o(.text)
    HAL_SPI_Transmit_IT                      0x0800286d   Thumb Code   208  stm32l0xx_hal_spi.o(.text)
    HAL_SPI_RxCpltCallback                   0x0800293d   Thumb Code     2  stm32l0xx_hal_spi.o(.text)
    HAL_SPI_TransmitReceive_IT               0x08002a83   Thumb Code   202  stm32l0xx_hal_spi.o(.text)
    HAL_SPI_Receive_IT                       0x08002ba5   Thumb Code   248  stm32l0xx_hal_spi.o(.text)
    HAL_SPI_TxHalfCpltCallback               0x08002d45   Thumb Code     2  stm32l0xx_hal_spi.o(.text)
    HAL_SPI_Transmit_DMA                     0x08002d55   Thumb Code   258  stm32l0xx_hal_spi.o(.text)
    HAL_SPI_RxHalfCpltCallback               0x08002f39   Thumb Code     2  stm32l0xx_hal_spi.o(.text)
    HAL_SPI_TxRxHalfCpltCallback             0x0800302b   Thumb Code     2  stm32l0xx_hal_spi.o(.text)
    HAL_SPI_TransmitReceive_DMA              0x0800303b   Thumb Code   312  stm32l0xx_hal_spi.o(.text)
    HAL_SPI_Receive_DMA                      0x08003173   Thumb Code   330  stm32l0xx_hal_spi.o(.text)
    HAL_SPI_DMAPause                         0x080032bd   Thumb Code    62  stm32l0xx_hal_spi.o(.text)
    HAL_SPI_DMAResume                        0x080032fb   Thumb Code    62  stm32l0xx_hal_spi.o(.text)
    HAL_SPI_DMAStop                          0x08003339   Thumb Code    62  stm32l0xx_hal_spi.o(.text)
    HAL_SPI_IRQHandler                       0x08003377   Thumb Code   302  stm32l0xx_hal_spi.o(.text)
    HAL_SPI_GetState                         0x080034a5   Thumb Code     8  stm32l0xx_hal_spi.o(.text)
    HAL_SPI_GetError                         0x080034ad   Thumb Code     6  stm32l0xx_hal_spi.o(.text)
    UART_WaitOnFlagUntilTimeout              0x080034c1   Thumb Code   112  stm32l0xx_hal_uart.o(.text)
    UART_CheckIdleState                      0x08003531   Thumb Code   112  stm32l0xx_hal_uart.o(.text)
    UART_SetConfig                           0x080035a1   Thumb Code   690  stm32l0xx_hal_uart.o(.text)
    UART_AdvFeatureConfig                    0x08003853   Thumb Code   278  stm32l0xx_hal_uart.o(.text)
    HAL_UART_MspInit                         0x08003969   Thumb Code     2  stm32l0xx_hal_uart.o(.text)
    HAL_UART_Init                            0x0800396b   Thumb Code   130  stm32l0xx_hal_uart.o(.text)
    HAL_HalfDuplex_Init                      0x080039ed   Thumb Code   132  stm32l0xx_hal_uart.o(.text)
    HAL_LIN_Init                             0x08003a71   Thumb Code   174  stm32l0xx_hal_uart.o(.text)
    HAL_MultiProcessor_Init                  0x08003b1f   Thumb Code   164  stm32l0xx_hal_uart.o(.text)
    HAL_UART_MspDeInit                       0x08003bc3   Thumb Code     2  stm32l0xx_hal_uart.o(.text)
    HAL_UART_DeInit                          0x08003bc5   Thumb Code    76  stm32l0xx_hal_uart.o(.text)
    HAL_UART_Transmit                        0x08003c11   Thumb Code   240  stm32l0xx_hal_uart.o(.text)
    HAL_UART_Receive                         0x08003d01   Thumb Code   328  stm32l0xx_hal_uart.o(.text)
    HAL_UART_Transmit_IT                     0x08003e49   Thumb Code   124  stm32l0xx_hal_uart.o(.text)
    HAL_UART_Receive_IT                      0x08003ec5   Thumb Code   230  stm32l0xx_hal_uart.o(.text)
    HAL_UART_ErrorCallback                   0x08003fab   Thumb Code     2  stm32l0xx_hal_uart.o(.text)
    HAL_UART_TxHalfCpltCallback              0x08004039   Thumb Code     2  stm32l0xx_hal_uart.o(.text)
    HAL_UART_TxCpltCallback                  0x08004049   Thumb Code     2  stm32l0xx_hal_uart.o(.text)
    HAL_UART_Transmit_DMA                    0x08004085   Thumb Code   174  stm32l0xx_hal_uart.o(.text)
    HAL_UART_RxHalfCpltCallback              0x08004133   Thumb Code     2  stm32l0xx_hal_uart.o(.text)
    HAL_UART_Receive_DMA                     0x080041a3   Thumb Code   190  stm32l0xx_hal_uart.o(.text)
    HAL_UART_DMAPause                        0x08004261   Thumb Code   124  stm32l0xx_hal_uart.o(.text)
    HAL_UART_DMAResume                       0x080042dd   Thumb Code   110  stm32l0xx_hal_uart.o(.text)
    HAL_UART_DMAStop                         0x0800434b   Thumb Code   104  stm32l0xx_hal_uart.o(.text)
    HAL_UART_Abort                           0x080043b3   Thumb Code   142  stm32l0xx_hal_uart.o(.text)
    HAL_UART_AbortTransmit                   0x08004441   Thumb Code    72  stm32l0xx_hal_uart.o(.text)
    HAL_UART_AbortReceive                    0x08004489   Thumb Code    92  stm32l0xx_hal_uart.o(.text)
    HAL_UART_AbortCpltCallback               0x080044e5   Thumb Code     2  stm32l0xx_hal_uart.o(.text)
    HAL_UART_Abort_IT                        0x0800456f   Thumb Code   258  stm32l0xx_hal_uart.o(.text)
    HAL_UART_AbortTransmitCpltCallback       0x08004671   Thumb Code     2  stm32l0xx_hal_uart.o(.text)
    HAL_UART_AbortTransmit_IT                0x0800468d   Thumb Code   110  stm32l0xx_hal_uart.o(.text)
    HAL_UART_AbortReceiveCpltCallback        0x080046fb   Thumb Code     2  stm32l0xx_hal_uart.o(.text)
    HAL_UART_AbortReceive_IT                 0x0800471d   Thumb Code   136  stm32l0xx_hal_uart.o(.text)
    HAL_UART_IRQHandler                      0x08004853   Thumb Code   396  stm32l0xx_hal_uart.o(.text)
    HAL_MultiProcessor_EnableMuteMode        0x080049df   Thumb Code    60  stm32l0xx_hal_uart.o(.text)
    HAL_MultiProcessor_DisableMuteMode       0x08004a1b   Thumb Code    60  stm32l0xx_hal_uart.o(.text)
    HAL_MultiProcessor_EnterMuteMode         0x08004a57   Thumb Code    14  stm32l0xx_hal_uart.o(.text)
    HAL_HalfDuplex_EnableTransmitter         0x08004a65   Thumb Code    88  stm32l0xx_hal_uart.o(.text)
    HAL_HalfDuplex_EnableReceiver            0x08004abd   Thumb Code    74  stm32l0xx_hal_uart.o(.text)
    HAL_LIN_SendBreak                        0x08004b07   Thumb Code    62  stm32l0xx_hal_uart.o(.text)
    HAL_UART_GetState                        0x08004b45   Thumb Code    20  stm32l0xx_hal_uart.o(.text)
    HAL_UART_GetError                        0x08004b59   Thumb Code     6  stm32l0xx_hal_uart.o(.text)
    HAL_DMA_Init                             0x08004bf1   Thumb Code   390  stm32l0xx_hal_dma.o(.text)
    HAL_DMA_DeInit                           0x08004d77   Thumb Code   670  stm32l0xx_hal_dma.o(.text)
    HAL_DMA_Start                            0x08005035   Thumb Code    78  stm32l0xx_hal_dma.o(.text)
    HAL_DMA_Start_IT                         0x08005083   Thumb Code   114  stm32l0xx_hal_dma.o(.text)
    HAL_DMA_Abort                            0x080050f5   Thumb Code   100  stm32l0xx_hal_dma.o(.text)
    HAL_DMA_Abort_IT                         0x08005159   Thumb Code   174  stm32l0xx_hal_dma.o(.text)
    HAL_DMA_PollForTransfer                  0x08005207   Thumb Code   744  stm32l0xx_hal_dma.o(.text)
    HAL_DMA_IRQHandler                       0x080054ef   Thumb Code   794  stm32l0xx_hal_dma.o(.text)
    HAL_DMA_GetState                         0x08005809   Thumb Code     8  stm32l0xx_hal_dma.o(.text)
    HAL_DMA_GetError                         0x08005811   Thumb Code     6  stm32l0xx_hal_dma.o(.text)
    Schd_After                               0x0800581d   Thumb Code    88  schd.o(.text)
    Schd_After_Int                           0x08005875   Thumb Code    38  schd.o(.text)
    Schd_Run                                 0x0800589b   Thumb Code   204  schd.o(.text)
    SysTick_Handler                          0x08005971   Thumb Code    26  globalvar.o(.text)
    local_ticktime                           0x0800598b   Thumb Code     6  globalvar.o(.text)
    timeout                                  0x08005991   Thumb Code    20  globalvar.o(.text)
    delay_us                                 0x080059a5   Thumb Code    18  globalvar.o(.text)
    watchdog                                 0x080059b7   Thumb Code     8  globalvar.o(.text)
    Delay_1us                                0x080059cd   Thumb Code    14  delay.o(.text)
    Delay_nus                                0x080059db   Thumb Code    22  delay.o(.text)
    Delay_1ms                                0x080059f1   Thumb Code    14  delay.o(.text)
    Delay_nms                                0x080059ff   Thumb Code    22  delay.o(.text)
    LED_OFF                                  0x08005a19   Thumb Code    50  led.o(.text)
    LED_ON                                   0x08005a4b   Thumb Code    50  led.o(.text)
    init_led                                 0x08005b21   Thumb Code    20  led.o(.text)
    LED_TOGGLE                               0x08005b35   Thumb Code    48  led.o(.text)
    SPIx_Init                                0x08005c09   Thumb Code    74  spi.o(.text)
    SPIx_Error                               0x08005c53   Thumb Code    14  spi.o(.text)
    SPIx_WriteReadData                       0x08005c61   Thumb Code    40  spi.o(.text)
    SPIx_WriteData                           0x08005c89   Thumb Code    34  spi.o(.text)
    SPIx_Write                               0x08005cab   Thumb Code    36  spi.o(.text)
    lora_RWByte                              0x08005d6d   Thumb Code    20  sx1276.o(.text)
    SX1276Reset                              0x08005d9b   Thumb Code    40  sx1276.o(.text)
    cmdSwitchEn                              0x08005dc3   Thumb Code    44  sx1276.o(.text)
    cmdSwitchPA                              0x08005def   Thumb Code    64  sx1276.o(.text)
    register_rf_func                         0x08005e2f   Thumb Code    50  sx1276.o(.text)
    SX1276WriteBuffer                        0x08005e61   Thumb Code    44  sx1276.o(.text)
    SX1276ReadBuffer                         0x08005e8d   Thumb Code    44  sx1276.o(.text)
    SX1276LoRaSetOpMode                      0x08005eb9   Thumb Code    32  sx1276.o(.text)
    SX1276LoRaFsk                            0x08005ed9   Thumb Code    32  sx1276.o(.text)
    SX1276LoRaSetRFFrequency                 0x08005ef9   Thumb Code    38  sx1276.o(.text)
    SX1276LoRaSetRFPower                     0x08005f1f   Thumb Code    24  sx1276.o(.text)
    SX1276LoRaSetNbTrigPeaks                 0x08005f37   Thumb Code    32  sx1276.o(.text)
    SX1276LoRaSetSpreadingFactor             0x08005f57   Thumb Code    38  sx1276.o(.text)
    SX1276LoRaSetErrorCoding                 0x08005f7d   Thumb Code    34  sx1276.o(.text)
    SX1276LoRaSetPacketCrcOn                 0x08005f9f   Thumb Code    34  sx1276.o(.text)
    SX1276LoRaSetSignalBandwidth             0x08005fc1   Thumb Code    32  sx1276.o(.text)
    SX1276LoRaSetImplicitHeaderOn            0x08005fe1   Thumb Code    32  sx1276.o(.text)
    SX1276LoRaSetSymbTimeout                 0x08006001   Thumb Code    68  sx1276.o(.text)
    SX1276LoRaSetPayloadLength               0x08006045   Thumb Code    14  sx1276.o(.text)
    SX1276LoRaSetPreamLength                 0x08006053   Thumb Code    38  sx1276.o(.text)
    SX1276LoRaSetMobileNode                  0x08006079   Thumb Code    34  sx1276.o(.text)
    SX1276_GetVersion                        0x0800609b   Thumb Code    14  sx1276.o(.text)
    RF_RECEIVE                               0x080060a9   Thumb Code    80  sx1276.o(.text)
    SX1276_LoRa_SetDataRate                  0x080060f9   Thumb Code   184  sx1276.o(.text)
    FUN_RF_SENDPACKET                        0x08006209   Thumb Code   130  sx1276.o(.text)
    RF_CAD_RECEIVE                           0x0800628b   Thumb Code    48  sx1276.o(.text)
    RF_SLEEP                                 0x080062bb   Thumb Code    40  sx1276.o(.text)
    Lora_Send                                0x08006321   Thumb Code   138  sx1276.o(.text)
    SX1276_InitSuccess                       0x080063ab   Thumb Code     2  sx1276.o(.text)
    SX1276_InitFailed                        0x080063ad   Thumb Code     2  sx1276.o(.text)
    Lora_Init                                0x080063af   Thumb Code    48  sx1276.o(.text)
    SX1278_Interupt                          0x080063df   Thumb Code   186  sx1276.o(.text)
    UART_SendMsg                             0x080064b1   Thumb Code    50  usart.o(.text)
    usart2_tx_AFGPIO_init                    0x080064e3   Thumb Code    38  usart.o(.text)
    USARTConfig                              0x08006509   Thumb Code   354  usart.o(.text)
    USART1_IRQHandler                        0x0800666b   Thumb Code    10  usart.o(.text)
    USART2_IRQHandler                        0x08006675   Thumb Code    10  usart.o(.text)
    init_finger                              0x0800669d   Thumb Code    78  finger.o(.text)
    finger_online                            0x080066eb   Thumb Code    22  finger.o(.text)
    send_to_finger                           0x08006701   Thumb Code   150  finger.o(.text)
    sendCmd_getImg                           0x08006797   Thumb Code    28  finger.o(.text)
    sendCmd_genChar                          0x080067b3   Thumb Code    38  finger.o(.text)
    sendCmd_regModel                         0x080067d9   Thumb Code    32  finger.o(.text)
    sendCmd_upChar                           0x080067f9   Thumb Code    38  finger.o(.text)
    sendCmd_downChar                         0x0800681f   Thumb Code    38  finger.o(.text)
    sendCmd_store                            0x08006845   Thumb Code    46  finger.o(.text)
    sendCmd_loadChar                         0x08006873   Thumb Code    46  finger.o(.text)
    sendCmd_deletChar                        0x080068a1   Thumb Code    52  finger.o(.text)
    sendCmd_empty                            0x080068d5   Thumb Code    32  finger.o(.text)
    sendCmd_match                            0x080068f5   Thumb Code    32  finger.o(.text)
    sendCmd_search                           0x08006915   Thumb Code    56  finger.o(.text)
    sendCmd_templeteNum                      0x0800694d   Thumb Code    32  finger.o(.text)
    sendCmd_setSysPara                       0x0800696d   Thumb Code    42  finger.o(.text)
    sendCmd_readSysPara                      0x08006997   Thumb Code    32  finger.o(.text)
    sendCmd_writeNotepad                     0x080069b7   Thumb Code    72  finger.o(.text)
    sendCmd_readNotepad                      0x080069ff   Thumb Code    38  finger.o(.text)
    sendCmd_readFpflash                      0x08006a25   Thumb Code    38  finger.o(.text)
    sendCmd_readInfo                         0x08006a4b   Thumb Code    38  finger.o(.text)
    sendData_downchar                        0x08006a71   Thumb Code   102  finger.o(.text)
    fingerSearchFrame                        0x08006ad7   Thumb Code    54  finger.o(.text)
    finger_processCMD                        0x08006b0d   Thumb Code     2  finger.o(.text)
    finger_processACK                        0x08006b0f   Thumb Code   500  finger.o(.text)
    finger_processEND                        0x08006d03   Thumb Code    72  finger.o(.text)
    finger_processDATA                       0x08006d4b   Thumb Code    84  finger.o(.text)
    init_PowerControl_Configuration          0x08006db1   Thumb Code    46  lowpower.o(.text)
    powerOn_LoRa                             0x08006ddf   Thumb Code    16  lowpower.o(.text)
    powerOff_LoRa                            0x08006def   Thumb Code    16  lowpower.o(.text)
    enter_StopMode                           0x08006dff   Thumb Code     2  lowpower.o(.text)
    __aeabi_uidiv                            0x08006e01   Thumb Code     0  uidiv.o(.text)
    __aeabi_uidivmod                         0x08006e01   Thumb Code    44  uidiv.o(.text)
    __aeabi_idiv                             0x08006e2d   Thumb Code     0  idiv.o(.text)
    __aeabi_idivmod                          0x08006e2d   Thumb Code    40  idiv.o(.text)
    __aeabi_uldivmod                         0x08006e55   Thumb Code    96  uldiv.o(.text)
    __aeabi_memcpy                           0x08006eb5   Thumb Code    36  memcpya.o(.text)
    __aeabi_memcpy4                          0x08006eb5   Thumb Code     0  memcpya.o(.text)
    __aeabi_memcpy8                          0x08006eb5   Thumb Code     0  memcpya.o(.text)
    __aeabi_memset                           0x08006ed9   Thumb Code    14  memseta.o(.text)
    __aeabi_memset4                          0x08006ed9   Thumb Code     0  memseta.o(.text)
    __aeabi_memset8                          0x08006ed9   Thumb Code     0  memseta.o(.text)
    __aeabi_memclr                           0x08006ee7   Thumb Code     4  memseta.o(.text)
    __aeabi_memclr4                          0x08006ee7   Thumb Code     0  memseta.o(.text)
    __aeabi_memclr8                          0x08006ee7   Thumb Code     0  memseta.o(.text)
    _memset$wrapper                          0x08006eeb   Thumb Code    18  memseta.o(.text)
    __aeabi_llsl                             0x08006efd   Thumb Code    32  llshl.o(.text)
    _ll_shift_l                              0x08006efd   Thumb Code     0  llshl.o(.text)
    __aeabi_llsr                             0x08006f1d   Thumb Code    34  llushr.o(.text)
    _ll_ushift_r                             0x08006f1d   Thumb Code     0  llushr.o(.text)
    __scatterload                            0x08006f41   Thumb Code    28  init.o(.text)
    __scatterload_rt2                        0x08006f41   Thumb Code     0  init.o(.text)
    __ARM_common_ll_muluu                    0x08006f65   Thumb Code    48  stm32l0xx_hal_uart.o(i.__ARM_common_ll_muluu)
    __ARM_common_switch8                     0x08006f95   Thumb Code    28  main.o(i.__ARM_common_switch8)
    __scatterload_copy                       0x08006fb1   Thumb Code    14  handlers.o(i.__scatterload_copy)
    __scatterload_null                       0x08006fbf   Thumb Code     2  handlers.o(i.__scatterload_null)
    __scatterload_zeroinit                   0x08006fc1   Thumb Code    14  handlers.o(i.__scatterload_zeroinit)
    AHBPrescTable                            0x08006fd4   Data          16  system_stm32l0xx.o(.constdata)
    APBPrescTable                            0x08006fe4   Data           8  system_stm32l0xx.o(.constdata)
    PLLMulTable                              0x08006fec   Data           9  system_stm32l0xx.o(.constdata)
    power_data                               0x08007004   Data           8  sx1276.o(.constdata)
    Region$$Table$$Base                      0x080070e0   Number         0  anon$$obj.o(Region$$Table)
    Region$$Table$$Limit                     0x08007100   Number         0  anon$$obj.o(Region$$Table)
    node_ID                                  0x20000000   Data           2  main.o(.data)
    SystemCoreClock                          0x2000000c   Data           4  system_stm32l0xx.o(.data)
    uwTick                                   0x20000010   Data           4  stm32l0xx_hal.o(.data)
    _schd_last_microsecond                   0x20000014   Data           4  schd.o(.data)
    _localTimeTick_ms                        0x20000018   Data           4  globalvar.o(.data)
    SpixTimeout                              0x2000001c   Data           4  spi.o(.data)
    usart1_rx_flag                           0x20000020   Data           8  usart.o(.data)
    usart2_rx_flag                           0x20000028   Data           8  usart.o(.data)
    finger_fsm                               0x20000030   Data           2  finger.o(.data)
    finger_com                               0x20000034   Data           8  finger.o(.data)
    finger_lib                               0x2000003c   Data           4  finger.o(.data)
    up_download_finger                       0x20000040   Data         404  main.o(.bss)
    _schd_items                              0x200001d4   Data        1280  schd.o(.bss)
    _leds_defines                            0x200006d4   Data          24  led.o(.bss)
    hnucleo_Spi                              0x200006ec   Data          88  spi.o(.bss)
    lpTypefunc                               0x20000744   Data          16  sx1276.o(.bss)
    lora_data                                0x20000754   Data         264  sx1276.o(.bss)
    UartHandle2                              0x2000085c   Data         112  usart.o(.bss)
    UartHandle1                              0x200008cc   Data         112  usart.o(.bss)
    UART2_RxBuffer                           0x2000093c   Data          60  usart.o(.bss)
    UART2_TxBuffer                           0x20000978   Data          60  usart.o(.bss)
    UART1_RxBuffer                           0x200009b4   Data         900  usart.o(.bss)
    UART1_TxBuffer                           0x20000d38   Data         150  usart.o(.bss)
    finger                                   0x20000dce   Data         154  finger.o(.bss)
    __initial_sp                             0x20001868   Data           0  startup_stm32l051xx.o(STACK)



==============================================================================

Memory Map of the image

  Image Entry point : 0x080000c1

  Load Region LR_IROM1 (Base: 0x08000000, Size: 0x00007140, Max: 0x00010000, ABSOLUTE)

    Execution Region ER_IROM1 (Base: 0x08000000, Size: 0x00007100, Max: 0x00010000, ABSOLUTE)

    Base Addr    Size         Type   Attr      Idx    E Section Name        Object

    0x08000000   0x000000c0   Data   RO            3    RESET               startup_stm32l051xx.o
    0x080000c0   0x00000000   Code   RO          706  * .ARM.Collect$$$$00000000  mc_p.l(entry.o)
    0x080000c0   0x00000004   Code   RO          721    .ARM.Collect$$$$00000001  mc_p.l(entry2.o)
    0x080000c4   0x00000004   Code   RO          724    .ARM.Collect$$$$00000004  mc_p.l(entry5.o)
    0x080000c8   0x00000000   Code   RO          726    .ARM.Collect$$$$00000008  mc_p.l(entry7b.o)
    0x080000c8   0x00000000   Code   RO          728    .ARM.Collect$$$$0000000A  mc_p.l(entry8b.o)
    0x080000c8   0x00000008   Code   RO          729    .ARM.Collect$$$$0000000B  mc_p.l(entry9a.o)
    0x080000d0   0x00000000   Code   RO          731    .ARM.Collect$$$$0000000D  mc_p.l(entry10a.o)
    0x080000d0   0x00000000   Code   RO          733    .ARM.Collect$$$$0000000F  mc_p.l(entry11a.o)
    0x080000d0   0x00000004   Code   RO          722    .ARM.Collect$$$$00002712  mc_p.l(entry2.o)
    0x080000d4   0x0000001c   Code   RO            4    .text               startup_stm32l051xx.o
    0x080000f0   0x00000718   Code   RO           12    .text               main.o
    0x08000808   0x00000160   Code   RO          199    .text               system_stm32l0xx.o
    0x08000968   0x00000022   Code   RO          244    .text               stm32l0xx_it.o
    0x0800098a   0x00000002   PAD
    0x0800098c   0x000000c4   Code   RO          267    .text               lock.o
    0x08000a50   0x000001a8   Code   RO          287    .text               stm32l0xx_hal.o
    0x08000bf8   0x00000224   Code   RO          310    .text               stm32l0xx_hal_cortex.o
    0x08000e1c   0x0000035c   Code   RO          333    .text               stm32l0xx_hal_gpio.o
    0x08001178   0x00000c58   Code   RO          393    .text               stm32l0xx_hal_rcc.o
    0x08001dd0   0x000016f0   Code   RO          413    .text               stm32l0xx_hal_spi.o
    0x080034c0   0x00001730   Code   RO          433    .text               stm32l0xx_hal_uart.o
    0x08004bf0   0x00000c2c   Code   RO          475    .text               stm32l0xx_hal_dma.o
    0x0800581c   0x00000154   Code   RO          493    .text               schd.o
    0x08005970   0x0000005c   Code   RO          511    .text               globalvar.o
    0x080059cc   0x0000004c   Code   RO          534    .text               delay.o
    0x08005a18   0x00000158   Code   RO          557    .text               led.o
    0x08005b70   0x00000170   Code   RO          581    .text               spi.o
    0x08005ce0   0x000007d0   Code   RO          605    .text               sx1276.o
    0x080064b0   0x000001ec   Code   RO          632    .text               usart.o
    0x0800669c   0x00000714   Code   RO          659    .text               finger.o
    0x08006db0   0x00000050   Code   RO          688    .text               lowpower.o
    0x08006e00   0x0000002c   Code   RO          709    .text               mc_p.l(uidiv.o)
    0x08006e2c   0x00000028   Code   RO          711    .text               mc_p.l(idiv.o)
    0x08006e54   0x00000060   Code   RO          713    .text               mc_p.l(uldiv.o)
    0x08006eb4   0x00000024   Code   RO          715    .text               mc_p.l(memcpya.o)
    0x08006ed8   0x00000024   Code   RO          717    .text               mc_p.l(memseta.o)
    0x08006efc   0x00000020   Code   RO          735    .text               mc_p.l(llshl.o)
    0x08006f1c   0x00000022   Code   RO          737    .text               mc_p.l(llushr.o)
    0x08006f3e   0x00000002   PAD
    0x08006f40   0x00000024   Code   RO          739    .text               mc_p.l(init.o)
    0x08006f64   0x00000030   Code   RO          448    i.__ARM_common_ll_muluu  stm32l0xx_hal_uart.o
    0x08006f94   0x0000001c   Code   RO           32    i.__ARM_common_switch8  main.o
    0x08006fb0   0x0000000e   Code   RO          743    i.__scatterload_copy  mc_p.l(handlers.o)
    0x08006fbe   0x00000002   Code   RO          744    i.__scatterload_null  mc_p.l(handlers.o)
    0x08006fc0   0x0000000e   Code   RO          745    i.__scatterload_zeroinit  mc_p.l(handlers.o)
    0x08006fce   0x00000002   PAD
    0x08006fd0   0x00000004   Data   RO           14    .constdata          main.o
    0x08006fd4   0x00000021   Data   RO          200    .constdata          system_stm32l0xx.o
    0x08006ff5   0x00000003   PAD
    0x08006ff8   0x0000000c   Data   RO          559    .constdata          led.o
    0x08007004   0x0000008c   Data   RO          607    .constdata          sx1276.o
    0x08007090   0x0000004e   Data   RO          661    .constdata          finger.o
    0x080070de   0x00000002   PAD
    0x080070e0   0x00000020   Data   RO          741    Region$$Table       anon$$obj.o


    Execution Region RW_IRAM1 (Base: 0x20000000, Size: 0x00001868, Max: 0x00002000, ABSOLUTE)

    Base Addr    Size         Type   Attr      Idx    E Section Name        Object

    0x20000000   0x0000000c   Data   RW           15    .data               main.o
    0x2000000c   0x00000004   Data   RW          201    .data               system_stm32l0xx.o
    0x20000010   0x00000004   Data   RW          288    .data               stm32l0xx_hal.o
    0x20000014   0x00000004   Data   RW          495    .data               schd.o
    0x20000018   0x00000004   Data   RW          512    .data               globalvar.o
    0x2000001c   0x00000004   Data   RW          583    .data               spi.o
    0x20000020   0x00000010   Data   RW          634    .data               usart.o
    0x20000030   0x00000010   Data   RW          662    .data               finger.o
    0x20000040   0x00000194   Zero   RW           13    .bss                main.o
    0x200001d4   0x00000500   Zero   RW          494    .bss                schd.o
    0x200006d4   0x00000018   Zero   RW          558    .bss                led.o
    0x200006ec   0x00000058   Zero   RW          582    .bss                spi.o
    0x20000744   0x00000118   Zero   RW          606    .bss                sx1276.o
    0x2000085c   0x00000572   Zero   RW          633    .bss                usart.o
    0x20000dce   0x0000009a   Zero   RW          660    .bss                finger.o
    0x20000e68   0x00000a00   Zero   RW            1    STACK               startup_stm32l051xx.o


==============================================================================

Image component sizes


      Code (inc. data)   RO Data    RW Data    ZI Data      Debug   Object Name

        76          4          0          0          0        938   delay.o
      1812         54         78         16        154       9328   finger.o
        92         14          0          4          0       1779   globalvar.o
       344         12         12          0         24       2157   led.o
       196          6          0          0          0       1687   lock.o
        80          0          0          0          0        924   lowpower.o
      1844        132          4         12        404     286480   main.o
       340         10          0          4       1280       1974   schd.o
       368         18          0          4         88       2214   spi.o
        28          8        192          0       2560        660   startup_stm32l051xx.o
       424         32          0          4          0       4791   stm32l0xx_hal.o
       548         24          0          0          0      11747   stm32l0xx_hal_cortex.o
      3116         18          0          0          0       5117   stm32l0xx_hal_dma.o
       860         28          0          0          0       3231   stm32l0xx_hal_gpio.o
      3160         92          0          0          0       5948   stm32l0xx_hal_rcc.o
      5872         54          0          0          0      12468   stm32l0xx_hal_spi.o
      5984         90          0          0          0      16682   stm32l0xx_hal_uart.o
        34          0          0          0          0       1095   stm32l0xx_it.o
      2000         48        140          0        280      24116   sx1276.o
       352         38         33          4          0       1681   system_stm32l0xx.o
       492         30          0         16       1394       3833   usart.o

    ----------------------------------------------------------------------
     28024        712        496         64       6184     398850   Object Totals
         0          0         32          0          0          0   (incl. Generated)
         2          0          5          0          0          0   (incl. Padding)

    ----------------------------------------------------------------------

      Code (inc. data)   RO Data    RW Data    ZI Data      Debug   Library Member Name

         0          0          0          0          0          0   entry.o
         0          0          0          0          0          0   entry10a.o
         0          0          0          0          0          0   entry11a.o
         8          4          0          0          0          0   entry2.o
         4          0          0          0          0          0   entry5.o
         0          0          0          0          0          0   entry7b.o
         0          0          0          0          0          0   entry8b.o
         8          4          0          0          0          0   entry9a.o
        30          0          0          0          0          0   handlers.o
        40          0          0          0          0         72   idiv.o
        36          8          0          0          0         68   init.o
        32          0          0          0          0         68   llshl.o
        34          0          0          0          0         68   llushr.o
        36          0          0          0          0         60   memcpya.o
        36          0          0          0          0        100   memseta.o
        44          0          0          0          0         72   uidiv.o
        96          0          0          0          0         84   uldiv.o

    ----------------------------------------------------------------------
       408         16          0          0          0        592   Library Totals
         4          0          0          0          0          0   (incl. Padding)

    ----------------------------------------------------------------------

      Code (inc. data)   RO Data    RW Data    ZI Data      Debug   Library Name

       404         16          0          0          0        592   mc_p.l

    ----------------------------------------------------------------------
       408         16          0          0          0        592   Library Totals

    ----------------------------------------------------------------------

==============================================================================


      Code (inc. data)   RO Data    RW Data    ZI Data      Debug   

     28432        728        496         64       6184     397438   Grand Totals
     28432        728        496         64       6184     397438   ELF Image Totals
     28432        728        496         64          0          0   ROM Totals

==============================================================================

    Total RO  Size (Code + RO Data)                28928 (  28.25kB)
    Total RW  Size (RW Data + ZI Data)              6248 (   6.10kB)
    Total ROM Size (Code + RO Data + RW Data)      28992 (  28.31kB)

==============================================================================

