<html>
<body>
<pre>
<h1>µVision Build Log</h1>
<h2>Tool Versions:</h2>
IDE-Version: ¦ÌVision V5.14.0.0
Copyright (C) 2015 ARM Ltd and ARM Germany GmbH. All rights reserved.
License Information: hugo chen, hz, LIC=NHYBS-LG4CF-REHH3-AAJR5-15VIK-GETB0
 
Tool Versions:
Toolchain:       MDK-ARM Professional  Version: 5.14.0.0
Toolchain Path:  D:\Developer tools\mdk5\ARM\ARMCC\Bin
C Compiler:      Armcc.exe V5.05 update 1 (build 106)
Assembler:       Armasm.exe V5.05 update 1 (build 106)
Linker/Locator:  ArmLink.exe V5.05 update 1 (build 106)
Library Manager: ArmAr.exe V5.05 update 1 (build 106)
Hex Converter:   FromElf.exe V5.05 update 1 (build 106)
CPU DLL:         SARMCM3.DLL V5.14.0.0
Dialog DLL:      DARMCM1.DLL V1.12.0.0
Target DLL:      UL2CM3.DLL V1.155.0.0
Dialog DLL:      TARMCM1.DLL V1.9.0.0
 
<h2>Project:</h2>
E:\Co_lander\gate_control\colander.lockcontrol\code\lock_node\locknode.uvprojx
Project File Date:  11/15/2017

<h2>Output:</h2>
Build target 'locknode'
compiling main.c...
linking...
Program Size: Code=10244 RO-data=280 RW-data=60 ZI-data=4212  
".\output\publicbikecontroller.axf" - 0 Error(s), 0 Warning(s).

<h2>Collection of Component include folders:</h2>
  E:\Co_lander\gate_control\colander.lockcontrol\code\lock_node\RTE
  D:\Developer tools\mdk5\ARM\PACK\Keil\STM32L0xx_DFP\1.6.1

<h2>Collection of Component Files used:</h2>
</pre>
</body>
</html>
